{"@timestamp":"2024-10-30T00:07:17.028+0900", "level":"INFO", "service":"gateway-service", "trace": "", "span": "", "thread":"main", "logger":"com.gatewayservice.GatewayServiceApplication", "message":"Starting GatewayServiceApplication using Java 17 with PID 28756 (C:\Users\김용우\IdeaProjects\adore-be\gateway-service\build\classes\java\main started by Kimyoungwoo in C:\Users\김용우\IdeaProjects\adore-be\gateway-service)"}
{"@timestamp":"2024-10-30T00:07:17.030+0900", "level":"INFO", "service":"gateway-service", "trace": "", "span": "", "thread":"main", "logger":"com.gatewayservice.GatewayServiceApplication", "message":"The following 1 profile is active: "local""}
{"@timestamp":"2024-10-30T00:07:17.056+0900", "level":"INFO", "service":"gateway-service", "trace": "", "span": "", "thread":"main", "logger":"org.springframework.cloud.config.client.ConfigServerConfigDataLoader", "message":"Fetching config from server at : http://config-service:8888"}
{"@timestamp":"2024-10-30T00:07:17.057+0900", "level":"INFO", "service":"gateway-service", "trace": "", "span": "", "thread":"main", "logger":"org.springframework.cloud.config.client.ConfigServerConfigDataLoader", "message":"Exception on Url - http://config-service:8888:org.springframework.web.client.ResourceAccessException: I/O error on GET request for "http://config-service:8888/gateway-service/default": config-service. Will be trying the next url if available"}
{"@timestamp":"2024-10-30T00:07:17.057+0900", "level":"WARN", "service":"gateway-service", "trace": "", "span": "", "thread":"main", "logger":"org.springframework.cloud.config.client.ConfigServerConfigDataLoader", "message":"Could not locate PropertySource ([ConfigServerConfigDataResource@7e31ce0f uris = array<String>['http://config-service:8888'], optional = true, profiles = 'default']): I/O error on GET request for "http://config-service:8888/gateway-service/default": config-service"}
{"@timestamp":"2024-10-30T00:07:17.057+0900", "level":"INFO", "service":"gateway-service", "trace": "", "span": "", "thread":"main", "logger":"org.springframework.cloud.config.client.ConfigServerConfigDataLoader", "message":"Fetching config from server at : http://config-service:8888"}
{"@timestamp":"2024-10-30T00:07:17.057+0900", "level":"INFO", "service":"gateway-service", "trace": "", "span": "", "thread":"main", "logger":"org.springframework.cloud.config.client.ConfigServerConfigDataLoader", "message":"Exception on Url - http://config-service:8888:org.springframework.web.client.ResourceAccessException: I/O error on GET request for "http://config-service:8888/gateway-service/local": config-service. Will be trying the next url if available"}
{"@timestamp":"2024-10-30T00:07:17.057+0900", "level":"WARN", "service":"gateway-service", "trace": "", "span": "", "thread":"main", "logger":"org.springframework.cloud.config.client.ConfigServerConfigDataLoader", "message":"Could not locate PropertySource ([ConfigServerConfigDataResource@794b435f uris = array<String>['http://config-service:8888'], optional = true, profiles = 'local']): I/O error on GET request for "http://config-service:8888/gateway-service/local": config-service"}
{"@timestamp":"2024-10-30T00:07:17.057+0900", "level":"INFO", "service":"gateway-service", "trace": "", "span": "", "thread":"main", "logger":"org.springframework.cloud.config.client.ConfigServerConfigDataLoader", "message":"Fetching config from server at : http://config-service:8888"}
{"@timestamp":"2024-10-30T00:07:17.057+0900", "level":"INFO", "service":"gateway-service", "trace": "", "span": "", "thread":"main", "logger":"org.springframework.cloud.config.client.ConfigServerConfigDataLoader", "message":"Exception on Url - http://config-service:8888:org.springframework.web.client.ResourceAccessException: I/O error on GET request for "http://config-service:8888/gateway-service/default": config-service. Will be trying the next url if available"}
{"@timestamp":"2024-10-30T00:07:17.057+0900", "level":"WARN", "service":"gateway-service", "trace": "", "span": "", "thread":"main", "logger":"org.springframework.cloud.config.client.ConfigServerConfigDataLoader", "message":"Could not locate PropertySource ([ConfigServerConfigDataResource@38f2e97e uris = array<String>['http://config-service:8888'], optional = true, profiles = 'default']): I/O error on GET request for "http://config-service:8888/gateway-service/default": config-service"}
{"@timestamp":"2024-10-30T00:07:18.095+0900", "level":"INFO", "service":"gateway-service", "trace": "", "span": "", "thread":"main", "logger":"org.springframework.data.repository.config.RepositoryConfigurationDelegate", "message":"Multiple Spring Data modules found, entering strict repository configuration mode"}
{"@timestamp":"2024-10-30T00:07:18.096+0900", "level":"INFO", "service":"gateway-service", "trace": "", "span": "", "thread":"main", "logger":"org.springframework.data.repository.config.RepositoryConfigurationDelegate", "message":"Bootstrapping Spring Data R2DBC repositories in DEFAULT mode."}
{"@timestamp":"2024-10-30T00:07:18.208+0900", "level":"INFO", "service":"gateway-service", "trace": "", "span": "", "thread":"main", "logger":"org.springframework.data.repository.config.RepositoryConfigurationDelegate", "message":"Finished Spring Data repository scanning in 108 ms. Found 1 R2DBC repository interface."}
{"@timestamp":"2024-10-30T00:07:18.217+0900", "level":"INFO", "service":"gateway-service", "trace": "", "span": "", "thread":"main", "logger":"org.springframework.data.repository.config.RepositoryConfigurationDelegate", "message":"Multiple Spring Data modules found, entering strict repository configuration mode"}
{"@timestamp":"2024-10-30T00:07:18.217+0900", "level":"INFO", "service":"gateway-service", "trace": "", "span": "", "thread":"main", "logger":"org.springframework.data.repository.config.RepositoryConfigurationDelegate", "message":"Bootstrapping Spring Data Redis repositories in DEFAULT mode."}
{"@timestamp":"2024-10-30T00:07:18.228+0900", "level":"INFO", "service":"gateway-service", "trace": "", "span": "", "thread":"main", "logger":"org.springframework.data.repository.config.RepositoryConfigurationExtensionSupport", "message":"Spring Data Redis - Could not safely identify store assignment for repository candidate interface com.gatewayservice.auth.repository.MemberRepository; If you want this repository to be a Redis repository, consider annotating your entities with one of these annotations: org.springframework.data.redis.core.RedisHash (preferred), or consider extending one of the following types with your repository: org.springframework.data.keyvalue.repository.KeyValueRepository"}
{"@timestamp":"2024-10-30T00:07:18.228+0900", "level":"INFO", "service":"gateway-service", "trace": "", "span": "", "thread":"main", "logger":"org.springframework.data.repository.config.RepositoryConfigurationDelegate", "message":"Finished Spring Data repository scanning in 5 ms. Found 0 Redis repository interfaces."}
{"@timestamp":"2024-10-30T00:07:18.413+0900", "level":"INFO", "service":"gateway-service", "trace": "", "span": "", "thread":"main", "logger":"org.springframework.cloud.context.scope.GenericScope", "message":"BeanFactory id=159cfa71-63ce-3af2-9507-3ddc1cbee267"}
{"@timestamp":"2024-10-30T00:07:18.508+0900", "level":"WARN", "service":"gateway-service", "trace": "", "span": "", "thread":"main", "logger":"org.springframework.context.support.PostProcessorRegistrationDelegate$BeanPostProcessorChecker", "message":"Bean 'org.springframework.cloud.client.loadbalancer.LoadBalancerAutoConfiguration$DeferringLoadBalancerInterceptorConfig' of type [org.springframework.cloud.client.loadbalancer.LoadBalancerAutoConfiguration$DeferringLoadBalancerInterceptorConfig] is not eligible for getting processed by all BeanPostProcessors (for example: not eligible for auto-proxying). The currently created BeanPostProcessor [lbRestClientPostProcessor] is declared through a non-static factory method on that class; consider declaring it as static instead."}
{"@timestamp":"2024-10-30T00:07:18.509+0900", "level":"WARN", "service":"gateway-service", "trace": "", "span": "", "thread":"main", "logger":"org.springframework.context.support.PostProcessorRegistrationDelegate$BeanPostProcessorChecker", "message":"Bean 'deferringLoadBalancerInterceptor' of type [org.springframework.cloud.client.loadbalancer.DeferringLoadBalancerInterceptor] is not eligible for getting processed by all BeanPostProcessors (for example: not eligible for auto-proxying). Is this bean getting eagerly injected into a currently created BeanPostProcessor [lbRestClientPostProcessor]? Check the corresponding BeanPostProcessor declaration and its dependencies."}
{"@timestamp":"2024-10-30T00:07:18.510+0900", "level":"WARN", "service":"gateway-service", "trace": "", "span": "", "thread":"main", "logger":"org.springframework.context.support.PostProcessorRegistrationDelegate$BeanPostProcessorChecker", "message":"Bean 'org.springframework.cloud.client.loadbalancer.reactive.LoadBalancerBeanPostProcessorAutoConfiguration' of type [org.springframework.cloud.client.loadbalancer.reactive.LoadBalancerBeanPostProcessorAutoConfiguration] is not eligible for getting processed by all BeanPostProcessors (for example: not eligible for auto-proxying). The currently created BeanPostProcessor [loadBalancerWebClientBuilderBeanPostProcessor] is declared through a non-static factory method on that class; consider declaring it as static instead."}
{"@timestamp":"2024-10-30T00:07:18.510+0900", "level":"WARN", "service":"gateway-service", "trace": "", "span": "", "thread":"main", "logger":"org.springframework.context.support.PostProcessorRegistrationDelegate$BeanPostProcessorChecker", "message":"Bean 'org.springframework.cloud.client.loadbalancer.reactive.LoadBalancerBeanPostProcessorAutoConfiguration$ReactorDeferringLoadBalancerFilterConfig' of type [org.springframework.cloud.client.loadbalancer.reactive.LoadBalancerBeanPostProcessorAutoConfiguration$ReactorDeferringLoadBalancerFilterConfig] is not eligible for getting processed by all BeanPostProcessors (for example: not eligible for auto-proxying). Is this bean getting eagerly injected into a currently created BeanPostProcessor [loadBalancerWebClientBuilderBeanPostProcessor]? Check the corresponding BeanPostProcessor declaration and its dependencies."}
{"@timestamp":"2024-10-30T00:07:18.511+0900", "level":"WARN", "service":"gateway-service", "trace": "", "span": "", "thread":"main", "logger":"org.springframework.context.support.PostProcessorRegistrationDelegate$BeanPostProcessorChecker", "message":"Bean 'reactorDeferringLoadBalancerExchangeFilterFunction' of type [org.springframework.cloud.client.loadbalancer.reactive.DeferringLoadBalancerExchangeFilterFunction] is not eligible for getting processed by all BeanPostProcessors (for example: not eligible for auto-proxying). Is this bean getting eagerly injected into a currently created BeanPostProcessor [loadBalancerWebClientBuilderBeanPostProcessor]? Check the corresponding BeanPostProcessor declaration and its dependencies."}
{"@timestamp":"2024-10-30T00:07:19.817+0900", "level":"INFO", "service":"gateway-service", "trace": "", "span": "", "thread":"main", "logger":"org.springframework.boot.autoconfigure.security.reactive.ReactiveUserDetailsServiceAutoConfiguration", "message":"

Using generated security password: 9d15e520-7e03-4731-9570-f9ce6ab71082
"}
{"@timestamp":"2024-10-30T00:07:19.875+0900", "level":"INFO", "service":"gateway-service", "trace": "", "span": "", "thread":"main", "logger":"com.gatewayservice.config.SecurityConfig", "message":"JwtFilter is called"}
{"@timestamp":"2024-10-30T00:07:19.876+0900", "level":"INFO", "service":"gateway-service", "trace": "", "span": "", "thread":"main", "logger":"com.gatewayservice.config.SecurityConfig", "message":"JwtFilter is called"}
{"@timestamp":"2024-10-30T00:07:19.877+0900", "level":"INFO", "service":"gateway-service", "trace": "", "span": "", "thread":"main", "logger":"com.gatewayservice.config.SecurityConfig", "message":"org.springframework.security.web.server.authentication.AuthenticationWebFilter@84e43fb"}
{"@timestamp":"2024-10-30T00:07:20.204+0900", "level":"INFO", "service":"gateway-service", "trace": "", "span": "", "thread":"main", "logger":"org.springframework.cloud.gateway.route.RouteDefinitionRouteLocator", "message":"Loaded RoutePredicateFactory [After]"}
{"@timestamp":"2024-10-30T00:07:20.204+0900", "level":"INFO", "service":"gateway-service", "trace": "", "span": "", "thread":"main", "logger":"org.springframework.cloud.gateway.route.RouteDefinitionRouteLocator", "message":"Loaded RoutePredicateFactory [Before]"}
{"@timestamp":"2024-10-30T00:07:20.204+0900", "level":"INFO", "service":"gateway-service", "trace": "", "span": "", "thread":"main", "logger":"org.springframework.cloud.gateway.route.RouteDefinitionRouteLocator", "message":"Loaded RoutePredicateFactory [Between]"}
{"@timestamp":"2024-10-30T00:07:20.204+0900", "level":"INFO", "service":"gateway-service", "trace": "", "span": "", "thread":"main", "logger":"org.springframework.cloud.gateway.route.RouteDefinitionRouteLocator", "message":"Loaded RoutePredicateFactory [Cookie]"}
{"@timestamp":"2024-10-30T00:07:20.204+0900", "level":"INFO", "service":"gateway-service", "trace": "", "span": "", "thread":"main", "logger":"org.springframework.cloud.gateway.route.RouteDefinitionRouteLocator", "message":"Loaded RoutePredicateFactory [Header]"}
{"@timestamp":"2024-10-30T00:07:20.204+0900", "level":"INFO", "service":"gateway-service", "trace": "", "span": "", "thread":"main", "logger":"org.springframework.cloud.gateway.route.RouteDefinitionRouteLocator", "message":"Loaded RoutePredicateFactory [Host]"}
{"@timestamp":"2024-10-30T00:07:20.204+0900", "level":"INFO", "service":"gateway-service", "trace": "", "span": "", "thread":"main", "logger":"org.springframework.cloud.gateway.route.RouteDefinitionRouteLocator", "message":"Loaded RoutePredicateFactory [Method]"}
{"@timestamp":"2024-10-30T00:07:20.205+0900", "level":"INFO", "service":"gateway-service", "trace": "", "span": "", "thread":"main", "logger":"org.springframework.cloud.gateway.route.RouteDefinitionRouteLocator", "message":"Loaded RoutePredicateFactory [Path]"}
{"@timestamp":"2024-10-30T00:07:20.205+0900", "level":"INFO", "service":"gateway-service", "trace": "", "span": "", "thread":"main", "logger":"org.springframework.cloud.gateway.route.RouteDefinitionRouteLocator", "message":"Loaded RoutePredicateFactory [Query]"}
{"@timestamp":"2024-10-30T00:07:20.205+0900", "level":"INFO", "service":"gateway-service", "trace": "", "span": "", "thread":"main", "logger":"org.springframework.cloud.gateway.route.RouteDefinitionRouteLocator", "message":"Loaded RoutePredicateFactory [ReadBody]"}
{"@timestamp":"2024-10-30T00:07:20.205+0900", "level":"INFO", "service":"gateway-service", "trace": "", "span": "", "thread":"main", "logger":"org.springframework.cloud.gateway.route.RouteDefinitionRouteLocator", "message":"Loaded RoutePredicateFactory [RemoteAddr]"}
{"@timestamp":"2024-10-30T00:07:20.205+0900", "level":"INFO", "service":"gateway-service", "trace": "", "span": "", "thread":"main", "logger":"org.springframework.cloud.gateway.route.RouteDefinitionRouteLocator", "message":"Loaded RoutePredicateFactory [XForwardedRemoteAddr]"}
{"@timestamp":"2024-10-30T00:07:20.205+0900", "level":"INFO", "service":"gateway-service", "trace": "", "span": "", "thread":"main", "logger":"org.springframework.cloud.gateway.route.RouteDefinitionRouteLocator", "message":"Loaded RoutePredicateFactory [Weight]"}
{"@timestamp":"2024-10-30T00:07:20.205+0900", "level":"INFO", "service":"gateway-service", "trace": "", "span": "", "thread":"main", "logger":"org.springframework.cloud.gateway.route.RouteDefinitionRouteLocator", "message":"Loaded RoutePredicateFactory [CloudFoundryRouteService]"}
{"@timestamp":"2024-10-30T00:07:20.800+0900", "level":"INFO", "service":"gateway-service", "trace": "", "span": "", "thread":"main", "logger":"org.springframework.boot.actuate.endpoint.web.EndpointLinksResolver", "message":"Exposing 1 endpoint beneath base path '/actuator'"}
{"@timestamp":"2024-10-30T00:07:21.561+0900", "level":"INFO", "service":"gateway-service", "trace": "", "span": "", "thread":"main", "logger":"org.springframework.cloud.netflix.eureka.config.DiscoveryClientOptionalArgsConfiguration", "message":"Eureka HTTP Client uses RestTemplate."}
{"@timestamp":"2024-10-30T00:07:21.578+0900", "level":"WARN", "service":"gateway-service", "trace": "", "span": "", "thread":"main", "logger":"org.springframework.cloud.loadbalancer.config.LoadBalancerCacheAutoConfiguration$LoadBalancerCaffeineWarnLogger", "message":"Spring Cloud LoadBalancer is currently working with the default cache. While this cache implementation is useful for development and tests, it's recommended to use Caffeine cache in production.You can switch to using Caffeine cache, by adding it and org.springframework.cache.caffeine.CaffeineCacheManager to the classpath."}
{"@timestamp":"2024-10-30T00:07:21.624+0900", "level":"INFO", "service":"gateway-service", "trace": "", "span": "", "thread":"main", "logger":"org.springframework.cloud.netflix.eureka.InstanceInfoFactory", "message":"Setting initial instance status as: STARTING"}
{"@timestamp":"2024-10-30T00:07:21.642+0900", "level":"INFO", "service":"gateway-service", "trace": "", "span": "", "thread":"main", "logger":"com.netflix.discovery.DiscoveryClient", "message":"Initializing Eureka in region us-east-1"}
{"@timestamp":"2024-10-30T00:07:21.646+0900", "level":"INFO", "service":"gateway-service", "trace": "", "span": "", "thread":"main", "logger":"com.netflix.discovery.shared.resolver.aws.ConfigClusterResolver", "message":"Resolving eureka endpoints via configuration"}
{"@timestamp":"2024-10-30T00:07:21.654+0900", "level":"INFO", "service":"gateway-service", "trace": "", "span": "", "thread":"main", "logger":"com.netflix.discovery.DiscoveryClient", "message":"Disable delta property : false"}
{"@timestamp":"2024-10-30T00:07:21.654+0900", "level":"INFO", "service":"gateway-service", "trace": "", "span": "", "thread":"main", "logger":"com.netflix.discovery.DiscoveryClient", "message":"Single vip registry refresh property : null"}
{"@timestamp":"2024-10-30T00:07:21.654+0900", "level":"INFO", "service":"gateway-service", "trace": "", "span": "", "thread":"main", "logger":"com.netflix.discovery.DiscoveryClient", "message":"Force full registry fetch : false"}
{"@timestamp":"2024-10-30T00:07:21.654+0900", "level":"INFO", "service":"gateway-service", "trace": "", "span": "", "thread":"main", "logger":"com.netflix.discovery.DiscoveryClient", "message":"Application is null : false"}
{"@timestamp":"2024-10-30T00:07:21.654+0900", "level":"INFO", "service":"gateway-service", "trace": "", "span": "", "thread":"main", "logger":"com.netflix.discovery.DiscoveryClient", "message":"Registered Applications size is zero : true"}
{"@timestamp":"2024-10-30T00:07:21.655+0900", "level":"INFO", "service":"gateway-service", "trace": "", "span": "", "thread":"main", "logger":"com.netflix.discovery.DiscoveryClient", "message":"Application version is -1: true"}
{"@timestamp":"2024-10-30T00:07:21.655+0900", "level":"INFO", "service":"gateway-service", "trace": "", "span": "", "thread":"main", "logger":"com.netflix.discovery.DiscoveryClient", "message":"Getting all instance registry info from the eureka server"}
{"@timestamp":"2024-10-30T00:07:22.864+0900", "level":"INFO", "service":"gateway-service", "trace": "", "span": "", "thread":"main", "logger":"com.netflix.discovery.shared.transport.decorator.RedirectingEurekaHttpClient", "message":"Request execution error. endpoint=DefaultEndpoint{ serviceUrl='http://discovery-service:8761/eureka/}, exception=I/O error on GET request for "http://discovery-service:8761/eureka/apps/": 알려진 호스트가 없습니다 (discovery-service) stacktrace=org.springframework.web.client.ResourceAccessException: I/O error on GET request for "http://discovery-service:8761/eureka/apps/": 알려진 호스트가 없습니다 (discovery-service)
	at org.springframework.web.client.RestTemplate.createResourceAccessException(RestTemplate.java:915)
	at org.springframework.web.client.RestTemplate.doExecute(RestTemplate.java:895)
	at org.springframework.web.client.RestTemplate.execute(RestTemplate.java:790)
	at org.springframework.web.client.RestTemplate.exchange(RestTemplate.java:672)
	at org.springframework.cloud.netflix.eureka.http.RestTemplateEurekaHttpClient.getApplicationsInternal(RestTemplateEurekaHttpClient.java:145)
	at org.springframework.cloud.netflix.eureka.http.RestTemplateEurekaHttpClient.getApplications(RestTemplateEurekaHttpClient.java:135)
	at com.netflix.discovery.shared.transport.decorator.EurekaHttpClientDecorator$6.execute(EurekaHttpClientDecorator.java:137)
	at com.netflix.discovery.shared.transport.decorator.RedirectingEurekaHttpClient.executeOnNewServer(RedirectingEurekaHttpClient.java:121)
	at com.netflix.discovery.shared.transport.decorator.RedirectingEurekaHttpClient.execute(RedirectingEurekaHttpClient.java:80)
	at com.netflix.discovery.shared.transport.decorator.EurekaHttpClientDecorator.getApplications(EurekaHttpClientDecorator.java:134)
	at com.netflix.discovery.shared.transport.decorator.EurekaHttpClientDecorator$6.execute(EurekaHttpClientDecorator.java:137)
	at com.netflix.discovery.shared.transport.decorator.RetryableEurekaHttpClient.execute(RetryableEurekaHttpClient.java:120)
	at com.netflix.discovery.shared.transport.decorator.EurekaHttpClientDecorator.getApplications(EurekaHttpClientDecorator.java:134)
	at com.netflix.discovery.shared.transport.decorator.EurekaHttpClientDecorator$6.execute(EurekaHttpClientDecorator.java:137)
	at com.netflix.discovery.shared.transport.decorator.SessionedEurekaHttpClient.execute(SessionedEurekaHttpClient.java:76)
	at com.netflix.discovery.shared.transport.decorator.EurekaHttpClientDecorator.getApplications(EurekaHttpClientDecorator.java:134)
	at com.netflix.discovery.DiscoveryClient.getAndStoreFullRegistry(DiscoveryClient.java:1046)
	at com.netflix.discovery.DiscoveryClient.fetchRegistry(DiscoveryClient.java:961)
	at com.netflix.discovery.DiscoveryClient.<init>(DiscoveryClient.java:410)
	at com.netflix.discovery.DiscoveryClient.<init>(DiscoveryClient.java:245)
	at com.netflix.discovery.DiscoveryClient.<init>(DiscoveryClient.java:240)
	at org.springframework.cloud.netflix.eureka.CloudEurekaClient.<init>(CloudEurekaClient.java:68)
	at org.springframework.cloud.netflix.eureka.EurekaClientAutoConfiguration$RefreshableEurekaClientConfiguration.eurekaClient(EurekaClientAutoConfiguration.java:321)
	at java.base/jdk.internal.reflect.NativeMethodAccessorImpl.invoke0(Native Method)
	at java.base/jdk.internal.reflect.NativeMethodAccessorImpl.invoke(NativeMethodAccessorImpl.java:77)
	at java.base/jdk.internal.reflect.DelegatingMethodAccessorImpl.invoke(DelegatingMethodAccessorImpl.java:43)
	at java.base/java.lang.reflect.Method.invoke(Method.java:568)
	at org.springframework.beans.factory.support.SimpleInstantiationStrategy.instantiate(SimpleInstantiationStrategy.java:146)
	at org.springframework.beans.factory.support.ConstructorResolver.instantiate(ConstructorResolver.java:644)
	at org.springframework.beans.factory.support.ConstructorResolver.instantiateUsingFactoryMethod(ConstructorResolver.java:636)
	at org.springframework.beans.factory.support.AbstractAutowireCapableBeanFactory.instantiateUsingFactoryMethod(AbstractAutowireCapableBeanFactory.java:1355)
	at org.springframework.beans.factory.support.AbstractAutowireCapableBeanFactory.createBeanInstance(AbstractAutowireCapableBeanFactory.java:1185)
	at org.springframework.beans.factory.support.AbstractAutowireCapableBeanFactory.doCreateBean(AbstractAutowireCapableBeanFactory.java:562)
	at org.springframework.beans.factory.support.AbstractAutowireCapableBeanFactory.createBean(AbstractAutowireCapableBeanFactory.java:522)
	at org.springframework.beans.factory.support.AbstractBeanFactory.lambda$doGetBean$1(AbstractBeanFactory.java:376)
	at org.springframework.cloud.context.scope.GenericScope$BeanLifecycleWrapper.getBean(GenericScope.java:375)
	at org.springframework.cloud.context.scope.GenericScope.get(GenericScope.java:179)
	at org.springframework.beans.factory.support.AbstractBeanFactory.doGetBean(AbstractBeanFactory.java:373)
	at org.springframework.beans.factory.support.AbstractBeanFactory.getBean(AbstractBeanFactory.java:200)
	at org.springframework.aop.target.SimpleBeanTargetSource.getTarget(SimpleBeanTargetSource.java:35)
	at org.springframework.cloud.netflix.eureka.serviceregistry.EurekaRegistration.getTargetObject(EurekaRegistration.java:128)
	at org.springframework.cloud.netflix.eureka.serviceregistry.EurekaRegistration.getEurekaClient(EurekaRegistration.java:116)
	at java.base/jdk.internal.reflect.NativeMethodAccessorImpl.invoke0(Native Method)
	at java.base/jdk.internal.reflect.NativeMethodAccessorImpl.invoke(NativeMethodAccessorImpl.java:77)
	at java.base/jdk.internal.reflect.DelegatingMethodAccessorImpl.invoke(DelegatingMethodAccessorImpl.java:43)
	at java.base/java.lang.reflect.Method.invoke(Method.java:568)
	at org.springframework.util.ReflectionUtils.invokeMethod(ReflectionUtils.java:281)
	at org.springframework.cloud.context.scope.GenericScope$LockedScopedProxyFactoryBean.invoke(GenericScope.java:482)
	at org.springframework.aop.framework.ReflectiveMethodInvocation.proceed(ReflectiveMethodInvocation.java:184)
	at org.springframework.aop.framework.CglibAopProxy$CglibMethodInvocation.proceed(CglibAopProxy.java:768)
	at org.springframework.aop.framework.CglibAopProxy$DynamicAdvisedInterceptor.intercept(CglibAopProxy.java:720)
	at org.springframework.cloud.netflix.eureka.serviceregistry.EurekaRegistration$$SpringCGLIB$$0.getEurekaClient(<generated>)
	at org.springframework.cloud.netflix.eureka.serviceregistry.EurekaServiceRegistry.maybeInitializeClient(EurekaServiceRegistry.java:83)
	at org.springframework.cloud.netflix.eureka.serviceregistry.EurekaServiceRegistry.register(EurekaServiceRegistry.java:66)
	at org.springframework.cloud.netflix.eureka.serviceregistry.EurekaAutoServiceRegistration.start(EurekaAutoServiceRegistration.java:89)
	at org.springframework.context.support.DefaultLifecycleProcessor.doStart(DefaultLifecycleProcessor.java:285)
	at org.springframework.context.support.DefaultLifecycleProcessor$LifecycleGroup.start(DefaultLifecycleProcessor.java:472)
	at java.base/java.lang.Iterable.forEach(Iterable.java:75)
	at org.springframework.context.support.DefaultLifecycleProcessor.startBeans(DefaultLifecycleProcessor.java:257)
	at org.springframework.context.support.DefaultLifecycleProcessor.onRefresh(DefaultLifecycleProcessor.java:202)
	at org.springframework.context.support.AbstractApplicationContext.finishRefresh(AbstractApplicationContext.java:990)
	at org.springframework.context.support.AbstractApplicationContext.refresh(AbstractApplicationContext.java:628)
	at org.springframework.boot.web.reactive.context.ReactiveWebServerApplicationContext.refresh(ReactiveWebServerApplicationContext.java:66)
	at org.springframework.boot.SpringApplication.refresh(SpringApplication.java:754)
	at org.springframework.boot.SpringApplication.refreshContext(SpringApplication.java:456)
	at org.springframework.boot.SpringApplication.run(SpringApplication.java:335)
	at org.springframework.boot.SpringApplication.run(SpringApplication.java:1363)
	at org.springframework.boot.SpringApplication.run(SpringApplication.java:1352)
	at com.gatewayservice.GatewayServiceApplication.main(GatewayServiceApplication.java:12)
Caused by: java.net.UnknownHostException: 알려진 호스트가 없습니다 (discovery-service)
	at java.base/java.net.Inet6AddressImpl.lookupAllHostAddr(Native Method)
	at java.base/java.net.InetAddress$PlatformNameService.lookupAllHostAddr(InetAddress.java:933)
	at java.base/java.net.InetAddress.getAddressesFromNameService(InetAddress.java:1519)
	at java.base/java.net.InetAddress$NameServiceAddresses.get(InetAddress.java:852)
	at java.base/java.net.InetAddress.getAllByName0(InetAddress.java:1509)
	at java.base/java.net.InetAddress.getAllByName(InetAddress.java:1367)
	at java.base/java.net.InetAddress.getAllByName(InetAddress.java:1301)
	at org.apache.hc.client5.http.SystemDefaultDnsResolver.resolve(SystemDefaultDnsResolver.java:45)
	at org.apache.hc.client5.http.impl.io.DefaultHttpClientConnectionOperator.connect(DefaultHttpClientConnectionOperator.java:144)
	at org.apache.hc.client5.http.impl.io.PoolingHttpClientConnectionManager.connect(PoolingHttpClientConnectionManager.java:450)
	at org.apache.hc.client5.http.impl.classic.InternalExecRuntime.connectEndpoint(InternalExecRuntime.java:162)
	at org.apache.hc.client5.http.impl.classic.InternalExecRuntime.connectEndpoint(InternalExecRuntime.java:172)
	at org.apache.hc.client5.http.impl.classic.ConnectExec.execute(ConnectExec.java:142)
	at org.apache.hc.client5.http.impl.classic.ExecChainElement.execute(ExecChainElement.java:51)
	at org.apache.hc.client5.http.impl.classic.ProtocolExec.execute(ProtocolExec.java:192)
	at org.apache.hc.client5.http.impl.classic.ExecChainElement.execute(ExecChainElement.java:51)
	at org.apache.hc.client5.http.impl.classic.HttpRequestRetryExec.execute(HttpRequestRetryExec.java:113)
	at org.apache.hc.client5.http.impl.classic.ExecChainElement.execute(ExecChainElement.java:51)
	at org.apache.hc.client5.http.impl.classic.ContentCompressionExec.execute(ContentCompressionExec.java:152)
	at org.apache.hc.client5.http.impl.classic.ExecChainElement.execute(ExecChainElement.java:51)
	at org.apache.hc.client5.http.impl.classic.RedirectExec.execute(RedirectExec.java:116)
	at org.apache.hc.client5.http.impl.classic.ExecChainElement.execute(ExecChainElement.java:51)
	at org.apache.hc.client5.http.impl.classic.InternalHttpClient.doExecute(InternalHttpClient.java:170)
	at org.apache.hc.client5.http.impl.classic.CloseableHttpClient.execute(CloseableHttpClient.java:87)
	at org.apache.hc.client5.http.impl.classic.CloseableHttpClient.execute(CloseableHttpClient.java:55)
	at org.apache.hc.client5.http.classic.HttpClient.executeOpen(HttpClient.java:183)
	at org.springframework.http.client.HttpComponentsClientHttpRequest.executeInternal(HttpComponentsClientHttpRequest.java:99)
	at org.springframework.http.client.AbstractStreamingClientHttpRequest.executeInternal(AbstractStreamingClientHttpRequest.java:70)
	at org.springframework.http.client.AbstractClientHttpRequest.execute(AbstractClientHttpRequest.java:66)
	at org.springframework.http.client.InterceptingClientHttpRequest$InterceptingRequestExecution.execute(InterceptingClientHttpRequest.java:112)
	at org.springframework.cloud.netflix.eureka.http.RestTemplateTransportClientFactory.lambda$restTemplate$3(RestTemplateTransportClientFactory.java:170)
	at org.springframework.http.client.InterceptingClientHttpRequest$InterceptingRequestExecution.execute(InterceptingClientHttpRequest.java:88)
	at org.springframework.http.client.InterceptingClientHttpRequest.executeInternal(InterceptingClientHttpRequest.java:72)
	at org.springframework.http.client.AbstractBufferingClientHttpRequest.executeInternal(AbstractBufferingClientHttpRequest.java:48)
	at org.springframework.http.client.AbstractClientHttpRequest.execute(AbstractClientHttpRequest.java:66)
	at org.springframework.web.client.RestTemplate.doExecute(RestTemplate.java:889)
	... 67 more
"}
{"@timestamp":"2024-10-30T00:07:22.865+0900", "level":"WARN", "service":"gateway-service", "trace": "", "span": "", "thread":"main", "logger":"com.netflix.discovery.shared.transport.decorator.RetryableEurekaHttpClient", "message":"Request execution failed with message: I/O error on GET request for "http://discovery-service:8761/eureka/apps/": 알려진 호스트가 없습니다 (discovery-service)"}
{"@timestamp":"2024-10-30T00:07:22.865+0900", "level":"INFO", "service":"gateway-service", "trace": "", "span": "", "thread":"main", "logger":"com.netflix.discovery.DiscoveryClient", "message":"DiscoveryClient_GATEWAY-SERVICE/host.docker.internal:gateway-service:8111 - was unable to refresh its cache! This periodic background refresh will be retried in 30 seconds. status = Cannot execute request on any known server stacktrace = com.netflix.discovery.shared.transport.TransportException: Cannot execute request on any known server
	at com.netflix.discovery.shared.transport.decorator.RetryableEurekaHttpClient.execute(RetryableEurekaHttpClient.java:112)
	at com.netflix.discovery.shared.transport.decorator.EurekaHttpClientDecorator.getApplications(EurekaHttpClientDecorator.java:134)
	at com.netflix.discovery.shared.transport.decorator.EurekaHttpClientDecorator$6.execute(EurekaHttpClientDecorator.java:137)
	at com.netflix.discovery.shared.transport.decorator.SessionedEurekaHttpClient.execute(SessionedEurekaHttpClient.java:76)
	at com.netflix.discovery.shared.transport.decorator.EurekaHttpClientDecorator.getApplications(EurekaHttpClientDecorator.java:134)
	at com.netflix.discovery.DiscoveryClient.getAndStoreFullRegistry(DiscoveryClient.java:1046)
	at com.netflix.discovery.DiscoveryClient.fetchRegistry(DiscoveryClient.java:961)
	at com.netflix.discovery.DiscoveryClient.<init>(DiscoveryClient.java:410)
	at com.netflix.discovery.DiscoveryClient.<init>(DiscoveryClient.java:245)
	at com.netflix.discovery.DiscoveryClient.<init>(DiscoveryClient.java:240)
	at org.springframework.cloud.netflix.eureka.CloudEurekaClient.<init>(CloudEurekaClient.java:68)
	at org.springframework.cloud.netflix.eureka.EurekaClientAutoConfiguration$RefreshableEurekaClientConfiguration.eurekaClient(EurekaClientAutoConfiguration.java:321)
	at java.base/jdk.internal.reflect.NativeMethodAccessorImpl.invoke0(Native Method)
	at java.base/jdk.internal.reflect.NativeMethodAccessorImpl.invoke(NativeMethodAccessorImpl.java:77)
	at java.base/jdk.internal.reflect.DelegatingMethodAccessorImpl.invoke(DelegatingMethodAccessorImpl.java:43)
	at java.base/java.lang.reflect.Method.invoke(Method.java:568)
	at org.springframework.beans.factory.support.SimpleInstantiationStrategy.instantiate(SimpleInstantiationStrategy.java:146)
	at org.springframework.beans.factory.support.ConstructorResolver.instantiate(ConstructorResolver.java:644)
	at org.springframework.beans.factory.support.ConstructorResolver.instantiateUsingFactoryMethod(ConstructorResolver.java:636)
	at org.springframework.beans.factory.support.AbstractAutowireCapableBeanFactory.instantiateUsingFactoryMethod(AbstractAutowireCapableBeanFactory.java:1355)
	at org.springframework.beans.factory.support.AbstractAutowireCapableBeanFactory.createBeanInstance(AbstractAutowireCapableBeanFactory.java:1185)
	at org.springframework.beans.factory.support.AbstractAutowireCapableBeanFactory.doCreateBean(AbstractAutowireCapableBeanFactory.java:562)
	at org.springframework.beans.factory.support.AbstractAutowireCapableBeanFactory.createBean(AbstractAutowireCapableBeanFactory.java:522)
	at org.springframework.beans.factory.support.AbstractBeanFactory.lambda$doGetBean$1(AbstractBeanFactory.java:376)
	at org.springframework.cloud.context.scope.GenericScope$BeanLifecycleWrapper.getBean(GenericScope.java:375)
	at org.springframework.cloud.context.scope.GenericScope.get(GenericScope.java:179)
	at org.springframework.beans.factory.support.AbstractBeanFactory.doGetBean(AbstractBeanFactory.java:373)
	at org.springframework.beans.factory.support.AbstractBeanFactory.getBean(AbstractBeanFactory.java:200)
	at org.springframework.aop.target.SimpleBeanTargetSource.getTarget(SimpleBeanTargetSource.java:35)
	at org.springframework.cloud.netflix.eureka.serviceregistry.EurekaRegistration.getTargetObject(EurekaRegistration.java:128)
	at org.springframework.cloud.netflix.eureka.serviceregistry.EurekaRegistration.getEurekaClient(EurekaRegistration.java:116)
	at java.base/jdk.internal.reflect.NativeMethodAccessorImpl.invoke0(Native Method)
	at java.base/jdk.internal.reflect.NativeMethodAccessorImpl.invoke(NativeMethodAccessorImpl.java:77)
	at java.base/jdk.internal.reflect.DelegatingMethodAccessorImpl.invoke(DelegatingMethodAccessorImpl.java:43)
	at java.base/java.lang.reflect.Method.invoke(Method.java:568)
	at org.springframework.util.ReflectionUtils.invokeMethod(ReflectionUtils.java:281)
	at org.springframework.cloud.context.scope.GenericScope$LockedScopedProxyFactoryBean.invoke(GenericScope.java:482)
	at org.springframework.aop.framework.ReflectiveMethodInvocation.proceed(ReflectiveMethodInvocation.java:184)
	at org.springframework.aop.framework.CglibAopProxy$CglibMethodInvocation.proceed(CglibAopProxy.java:768)
	at org.springframework.aop.framework.CglibAopProxy$DynamicAdvisedInterceptor.intercept(CglibAopProxy.java:720)
	at org.springframework.cloud.netflix.eureka.serviceregistry.EurekaRegistration$$SpringCGLIB$$0.getEurekaClient(<generated>)
	at org.springframework.cloud.netflix.eureka.serviceregistry.EurekaServiceRegistry.maybeInitializeClient(EurekaServiceRegistry.java:83)
	at org.springframework.cloud.netflix.eureka.serviceregistry.EurekaServiceRegistry.register(EurekaServiceRegistry.java:66)
	at org.springframework.cloud.netflix.eureka.serviceregistry.EurekaAutoServiceRegistration.start(EurekaAutoServiceRegistration.java:89)
	at org.springframework.context.support.DefaultLifecycleProcessor.doStart(DefaultLifecycleProcessor.java:285)
	at org.springframework.context.support.DefaultLifecycleProcessor$LifecycleGroup.start(DefaultLifecycleProcessor.java:472)
	at java.base/java.lang.Iterable.forEach(Iterable.java:75)
	at org.springframework.context.support.DefaultLifecycleProcessor.startBeans(DefaultLifecycleProcessor.java:257)
	at org.springframework.context.support.DefaultLifecycleProcessor.onRefresh(DefaultLifecycleProcessor.java:202)
	at org.springframework.context.support.AbstractApplicationContext.finishRefresh(AbstractApplicationContext.java:990)
	at org.springframework.context.support.AbstractApplicationContext.refresh(AbstractApplicationContext.java:628)
	at org.springframework.boot.web.reactive.context.ReactiveWebServerApplicationContext.refresh(ReactiveWebServerApplicationContext.java:66)
	at org.springframework.boot.SpringApplication.refresh(SpringApplication.java:754)
	at org.springframework.boot.SpringApplication.refreshContext(SpringApplication.java:456)
	at org.springframework.boot.SpringApplication.run(SpringApplication.java:335)
	at org.springframework.boot.SpringApplication.run(SpringApplication.java:1363)
	at org.springframework.boot.SpringApplication.run(SpringApplication.java:1352)
	at com.gatewayservice.GatewayServiceApplication.main(GatewayServiceApplication.java:12)
"}
{"@timestamp":"2024-10-30T00:07:22.865+0900", "level":"INFO", "service":"gateway-service", "trace": "", "span": "", "thread":"main", "logger":"com.netflix.discovery.DiscoveryClient", "message":"Initial registry fetch from primary servers failed"}
{"@timestamp":"2024-10-30T00:07:22.866+0900", "level":"WARN", "service":"gateway-service", "trace": "", "span": "", "thread":"main", "logger":"com.netflix.discovery.DiscoveryClient", "message":"Using default backup registry implementation which does not do anything."}
{"@timestamp":"2024-10-30T00:07:22.866+0900", "level":"INFO", "service":"gateway-service", "trace": "", "span": "", "thread":"main", "logger":"com.netflix.discovery.DiscoveryClient", "message":"Initial registry fetch from backup servers failed"}
{"@timestamp":"2024-10-30T00:07:22.866+0900", "level":"INFO", "service":"gateway-service", "trace": "", "span": "", "thread":"main", "logger":"com.netflix.discovery.DiscoveryClient", "message":"Starting heartbeat executor: renew interval is: 5"}
{"@timestamp":"2024-10-30T00:07:22.868+0900", "level":"INFO", "service":"gateway-service", "trace": "", "span": "", "thread":"main", "logger":"com.netflix.discovery.InstanceInfoReplicator", "message":"InstanceInfoReplicator onDemand update allowed rate per min is 4"}
{"@timestamp":"2024-10-30T00:07:22.869+0900", "level":"INFO", "service":"gateway-service", "trace": "", "span": "", "thread":"main", "logger":"com.netflix.discovery.DiscoveryClient", "message":"Discovery Client initialized at timestamp 1730214442869 with initial instances count: 0"}
{"@timestamp":"2024-10-30T00:07:22.871+0900", "level":"INFO", "service":"gateway-service", "trace": "", "span": "", "thread":"main", "logger":"org.springframework.cloud.netflix.eureka.serviceregistry.EurekaServiceRegistry", "message":"Registering application GATEWAY-SERVICE with eureka with status UP"}
{"@timestamp":"2024-10-30T00:07:22.872+0900", "level":"INFO", "service":"gateway-service", "trace": "", "span": "", "thread":"main", "logger":"com.netflix.discovery.DiscoveryClient", "message":"Saw local status change event StatusChangeEvent [timestamp=1730214442872, current=UP, previous=STARTING]"}
{"@timestamp":"2024-10-30T00:07:22.873+0900", "level":"INFO", "service":"gateway-service", "trace": "", "span": "", "thread":"DiscoveryClient-InstanceInfoReplicator-%d", "logger":"com.netflix.discovery.DiscoveryClient", "message":"DiscoveryClient_GATEWAY-SERVICE/host.docker.internal:gateway-service:8111: registering service..."}
{"@timestamp":"2024-10-30T00:07:22.904+0900", "level":"INFO", "service":"gateway-service", "trace": "", "span": "", "thread":"DiscoveryClient-InstanceInfoReplicator-%d", "logger":"com.netflix.discovery.shared.transport.decorator.RedirectingEurekaHttpClient", "message":"Request execution error. endpoint=DefaultEndpoint{ serviceUrl='http://discovery-service:8761/eureka/}, exception=I/O error on POST request for "http://discovery-service:8761/eureka/apps/GATEWAY-SERVICE": discovery-service stacktrace=org.springframework.web.client.ResourceAccessException: I/O error on POST request for "http://discovery-service:8761/eureka/apps/GATEWAY-SERVICE": discovery-service
	at org.springframework.web.client.RestTemplate.createResourceAccessException(RestTemplate.java:915)
	at org.springframework.web.client.RestTemplate.doExecute(RestTemplate.java:895)
	at org.springframework.web.client.RestTemplate.execute(RestTemplate.java:790)
	at org.springframework.web.client.RestTemplate.exchange(RestTemplate.java:672)
	at org.springframework.cloud.netflix.eureka.http.RestTemplateEurekaHttpClient.register(RestTemplateEurekaHttpClient.java:77)
	at com.netflix.discovery.shared.transport.decorator.EurekaHttpClientDecorator$1.execute(EurekaHttpClientDecorator.java:59)
	at com.netflix.discovery.shared.transport.decorator.RedirectingEurekaHttpClient.executeOnNewServer(RedirectingEurekaHttpClient.java:121)
	at com.netflix.discovery.shared.transport.decorator.RedirectingEurekaHttpClient.execute(RedirectingEurekaHttpClient.java:80)
	at com.netflix.discovery.shared.transport.decorator.EurekaHttpClientDecorator.register(EurekaHttpClientDecorator.java:56)
	at com.netflix.discovery.shared.transport.decorator.EurekaHttpClientDecorator$1.execute(EurekaHttpClientDecorator.java:59)
	at com.netflix.discovery.shared.transport.decorator.RetryableEurekaHttpClient.execute(RetryableEurekaHttpClient.java:120)
	at com.netflix.discovery.shared.transport.decorator.EurekaHttpClientDecorator.register(EurekaHttpClientDecorator.java:56)
	at com.netflix.discovery.shared.transport.decorator.EurekaHttpClientDecorator$1.execute(EurekaHttpClientDecorator.java:59)
	at com.netflix.discovery.shared.transport.decorator.SessionedEurekaHttpClient.execute(SessionedEurekaHttpClient.java:76)
	at com.netflix.discovery.shared.transport.decorator.EurekaHttpClientDecorator.register(EurekaHttpClientDecorator.java:56)
	at com.netflix.discovery.DiscoveryClient.register(DiscoveryClient.java:828)
	at com.netflix.discovery.InstanceInfoReplicator.run(InstanceInfoReplicator.java:125)
	at com.netflix.discovery.InstanceInfoReplicator$2.run(InstanceInfoReplicator.java:105)
	at java.base/java.util.concurrent.Executors$RunnableAdapter.call(Executors.java:539)
	at java.base/java.util.concurrent.FutureTask.run(FutureTask.java:264)
	at java.base/java.util.concurrent.ScheduledThreadPoolExecutor$ScheduledFutureTask.run(ScheduledThreadPoolExecutor.java:304)
	at java.base/java.util.concurrent.ThreadPoolExecutor.runWorker(ThreadPoolExecutor.java:1136)
	at java.base/java.util.concurrent.ThreadPoolExecutor$Worker.run(ThreadPoolExecutor.java:635)
	at java.base/java.lang.Thread.run(Thread.java:833)
Caused by: java.net.UnknownHostException: discovery-service
	at java.base/java.net.InetAddress$CachedAddresses.get(InetAddress.java:801)
	at java.base/java.net.InetAddress.getAllByName0(InetAddress.java:1509)
	at java.base/java.net.InetAddress.getAllByName(InetAddress.java:1367)
	at java.base/java.net.InetAddress.getAllByName(InetAddress.java:1301)
	at org.apache.hc.client5.http.SystemDefaultDnsResolver.resolve(SystemDefaultDnsResolver.java:45)
	at org.apache.hc.client5.http.impl.io.DefaultHttpClientConnectionOperator.connect(DefaultHttpClientConnectionOperator.java:144)
	at org.apache.hc.client5.http.impl.io.PoolingHttpClientConnectionManager.connect(PoolingHttpClientConnectionManager.java:450)
	at org.apache.hc.client5.http.impl.classic.InternalExecRuntime.connectEndpoint(InternalExecRuntime.java:162)
	at org.apache.hc.client5.http.impl.classic.InternalExecRuntime.connectEndpoint(InternalExecRuntime.java:172)
	at org.apache.hc.client5.http.impl.classic.ConnectExec.execute(ConnectExec.java:142)
	at org.apache.hc.client5.http.impl.classic.ExecChainElement.execute(ExecChainElement.java:51)
	at org.apache.hc.client5.http.impl.classic.ProtocolExec.execute(ProtocolExec.java:192)
	at org.apache.hc.client5.http.impl.classic.ExecChainElement.execute(ExecChainElement.java:51)
	at org.apache.hc.client5.http.impl.classic.HttpRequestRetryExec.execute(HttpRequestRetryExec.java:113)
	at org.apache.hc.client5.http.impl.classic.ExecChainElement.execute(ExecChainElement.java:51)
	at org.apache.hc.client5.http.impl.classic.ContentCompressionExec.execute(ContentCompressionExec.java:152)
	at org.apache.hc.client5.http.impl.classic.ExecChainElement.execute(ExecChainElement.java:51)
	at org.apache.hc.client5.http.impl.classic.RedirectExec.execute(RedirectExec.java:116)
	at org.apache.hc.client5.http.impl.classic.ExecChainElement.execute(ExecChainElement.java:51)
	at org.apache.hc.client5.http.impl.classic.InternalHttpClient.doExecute(InternalHttpClient.java:170)
	at org.apache.hc.client5.http.impl.classic.CloseableHttpClient.execute(CloseableHttpClient.java:87)
	at org.apache.hc.client5.http.impl.classic.CloseableHttpClient.execute(CloseableHttpClient.java:55)
	at org.apache.hc.client5.http.classic.HttpClient.executeOpen(HttpClient.java:183)
	at org.springframework.http.client.HttpComponentsClientHttpRequest.executeInternal(HttpComponentsClientHttpRequest.java:99)
	at org.springframework.http.client.AbstractStreamingClientHttpRequest.executeInternal(AbstractStreamingClientHttpRequest.java:70)
	at org.springframework.http.client.AbstractClientHttpRequest.execute(AbstractClientHttpRequest.java:66)
	at org.springframework.http.client.InterceptingClientHttpRequest$InterceptingRequestExecution.execute(InterceptingClientHttpRequest.java:112)
	at org.springframework.cloud.netflix.eureka.http.RestTemplateTransportClientFactory.lambda$restTemplate$3(RestTemplateTransportClientFactory.java:170)
	at org.springframework.http.client.InterceptingClientHttpRequest$InterceptingRequestExecution.execute(InterceptingClientHttpRequest.java:88)
	at org.springframework.http.client.InterceptingClientHttpRequest.executeInternal(InterceptingClientHttpRequest.java:72)
	at org.springframework.http.client.AbstractBufferingClientHttpRequest.executeInternal(AbstractBufferingClientHttpRequest.java:48)
	at org.springframework.http.client.AbstractClientHttpRequest.execute(AbstractClientHttpRequest.java:66)
	at org.springframework.web.client.RestTemplate.doExecute(RestTemplate.java:889)
	... 22 more
"}
{"@timestamp":"2024-10-30T00:07:22.905+0900", "level":"WARN", "service":"gateway-service", "trace": "", "span": "", "thread":"DiscoveryClient-InstanceInfoReplicator-%d", "logger":"com.netflix.discovery.shared.transport.decorator.RetryableEurekaHttpClient", "message":"Request execution failed with message: I/O error on POST request for "http://discovery-service:8761/eureka/apps/GATEWAY-SERVICE": discovery-service"}
{"@timestamp":"2024-10-30T00:07:22.905+0900", "level":"WARN", "service":"gateway-service", "trace": "", "span": "", "thread":"DiscoveryClient-InstanceInfoReplicator-%d", "logger":"com.netflix.discovery.DiscoveryClient", "message":"DiscoveryClient_GATEWAY-SERVICE/host.docker.internal:gateway-service:8111 - registration failed Cannot execute request on any known server"}
com.netflix.discovery.shared.transport.TransportException: Cannot execute request on any known server
	at com.netflix.discovery.shared.transport.decorator.RetryableEurekaHttpClient.execute(RetryableEurekaHttpClient.java:112)
	at com.netflix.discovery.shared.transport.decorator.EurekaHttpClientDecorator.register(EurekaHttpClientDecorator.java:56)
	at com.netflix.discovery.shared.transport.decorator.EurekaHttpClientDecorator$1.execute(EurekaHttpClientDecorator.java:59)
	at com.netflix.discovery.shared.transport.decorator.SessionedEurekaHttpClient.execute(SessionedEurekaHttpClient.java:76)
	at com.netflix.discovery.shared.transport.decorator.EurekaHttpClientDecorator.register(EurekaHttpClientDecorator.java:56)
	at com.netflix.discovery.DiscoveryClient.register(DiscoveryClient.java:828)
	at com.netflix.discovery.InstanceInfoReplicator.run(InstanceInfoReplicator.java:125)
	at com.netflix.discovery.InstanceInfoReplicator$2.run(InstanceInfoReplicator.java:105)
	at java.base/java.util.concurrent.Executors$RunnableAdapter.call(Executors.java:539)
	at java.base/java.util.concurrent.FutureTask.run(FutureTask.java:264)
	at java.base/java.util.concurrent.ScheduledThreadPoolExecutor$ScheduledFutureTask.run(ScheduledThreadPoolExecutor.java:304)
	at java.base/java.util.concurrent.ThreadPoolExecutor.runWorker(ThreadPoolExecutor.java:1136)
	at java.base/java.util.concurrent.ThreadPoolExecutor$Worker.run(ThreadPoolExecutor.java:635)
	at java.base/java.lang.Thread.run(Thread.java:833)
{"@timestamp":"2024-10-30T00:07:22.906+0900", "level":"WARN", "service":"gateway-service", "trace": "", "span": "", "thread":"DiscoveryClient-InstanceInfoReplicator-%d", "logger":"com.netflix.discovery.InstanceInfoReplicator", "message":"There was a problem with the instance info replicator"}
com.netflix.discovery.shared.transport.TransportException: Cannot execute request on any known server
	at com.netflix.discovery.shared.transport.decorator.RetryableEurekaHttpClient.execute(RetryableEurekaHttpClient.java:112)
	at com.netflix.discovery.shared.transport.decorator.EurekaHttpClientDecorator.register(EurekaHttpClientDecorator.java:56)
	at com.netflix.discovery.shared.transport.decorator.EurekaHttpClientDecorator$1.execute(EurekaHttpClientDecorator.java:59)
	at com.netflix.discovery.shared.transport.decorator.SessionedEurekaHttpClient.execute(SessionedEurekaHttpClient.java:76)
	at com.netflix.discovery.shared.transport.decorator.EurekaHttpClientDecorator.register(EurekaHttpClientDecorator.java:56)
	at com.netflix.discovery.DiscoveryClient.register(DiscoveryClient.java:828)
	at com.netflix.discovery.InstanceInfoReplicator.run(InstanceInfoReplicator.java:125)
	at com.netflix.discovery.InstanceInfoReplicator$2.run(InstanceInfoReplicator.java:105)
	at java.base/java.util.concurrent.Executors$RunnableAdapter.call(Executors.java:539)
	at java.base/java.util.concurrent.FutureTask.run(FutureTask.java:264)
	at java.base/java.util.concurrent.ScheduledThreadPoolExecutor$ScheduledFutureTask.run(ScheduledThreadPoolExecutor.java:304)
	at java.base/java.util.concurrent.ThreadPoolExecutor.runWorker(ThreadPoolExecutor.java:1136)
	at java.base/java.util.concurrent.ThreadPoolExecutor$Worker.run(ThreadPoolExecutor.java:635)
	at java.base/java.lang.Thread.run(Thread.java:833)
{"@timestamp":"2024-10-30T00:07:23.050+0900", "level":"INFO", "service":"gateway-service", "trace": "", "span": "", "thread":"main", "logger":"org.springframework.boot.web.embedded.netty.NettyWebServer", "message":"Netty started on port 8111 (http)"}
{"@timestamp":"2024-10-30T00:07:23.050+0900", "level":"INFO", "service":"gateway-service", "trace": "", "span": "", "thread":"main", "logger":"org.springframework.cloud.netflix.eureka.serviceregistry.EurekaAutoServiceRegistration", "message":"Updating port to 8111"}
{"@timestamp":"2024-10-30T00:07:24.045+0900", "level":"INFO", "service":"gateway-service", "trace": "", "span": "", "thread":"main", "logger":"com.gatewayservice.GatewayServiceApplication", "message":"Started GatewayServiceApplication in 10.505 seconds (process running for 13.152)"}
{"@timestamp":"2024-10-30T00:07:27.885+0900", "level":"INFO", "service":"gateway-service", "trace": "", "span": "", "thread":"DiscoveryClient-HeartbeatExecutor-%d", "logger":"com.netflix.discovery.shared.transport.decorator.RedirectingEurekaHttpClient", "message":"Request execution error. endpoint=DefaultEndpoint{ serviceUrl='http://discovery-service:8761/eureka/}, exception=I/O error on PUT request for "http://discovery-service:8761/eureka/apps/GATEWAY-SERVICE/host.docker.internal:gateway-service:8111": discovery-service stacktrace=org.springframework.web.client.ResourceAccessException: I/O error on PUT request for "http://discovery-service:8761/eureka/apps/GATEWAY-SERVICE/host.docker.internal:gateway-service:8111": discovery-service
	at org.springframework.web.client.RestTemplate.createResourceAccessException(RestTemplate.java:915)
	at org.springframework.web.client.RestTemplate.doExecute(RestTemplate.java:895)
	at org.springframework.web.client.RestTemplate.execute(RestTemplate.java:790)
	at org.springframework.web.client.RestTemplate.exchange(RestTemplate.java:672)
	at org.springframework.cloud.netflix.eureka.http.RestTemplateEurekaHttpClient.sendHeartBeat(RestTemplateEurekaHttpClient.java:99)
	at com.netflix.discovery.shared.transport.decorator.EurekaHttpClientDecorator$3.execute(EurekaHttpClientDecorator.java:92)
	at com.netflix.discovery.shared.transport.decorator.RedirectingEurekaHttpClient.executeOnNewServer(RedirectingEurekaHttpClient.java:121)
	at com.netflix.discovery.shared.transport.decorator.RedirectingEurekaHttpClient.execute(RedirectingEurekaHttpClient.java:80)
	at com.netflix.discovery.shared.transport.decorator.EurekaHttpClientDecorator.sendHeartBeat(EurekaHttpClientDecorator.java:89)
	at com.netflix.discovery.shared.transport.decorator.EurekaHttpClientDecorator$3.execute(EurekaHttpClientDecorator.java:92)
	at com.netflix.discovery.shared.transport.decorator.RetryableEurekaHttpClient.execute(RetryableEurekaHttpClient.java:120)
	at com.netflix.discovery.shared.transport.decorator.EurekaHttpClientDecorator.sendHeartBeat(EurekaHttpClientDecorator.java:89)
	at com.netflix.discovery.shared.transport.decorator.EurekaHttpClientDecorator$3.execute(EurekaHttpClientDecorator.java:92)
	at com.netflix.discovery.shared.transport.decorator.SessionedEurekaHttpClient.execute(SessionedEurekaHttpClient.java:76)
	at com.netflix.discovery.shared.transport.decorator.EurekaHttpClientDecorator.sendHeartBeat(EurekaHttpClientDecorator.java:89)
	at com.netflix.discovery.DiscoveryClient.renew(DiscoveryClient.java:845)
	at com.netflix.discovery.DiscoveryClient$HeartbeatThread.run(DiscoveryClient.java:1402)
	at java.base/java.util.concurrent.Executors$RunnableAdapter.call(Executors.java:539)
	at java.base/java.util.concurrent.FutureTask.run(FutureTask.java:264)
	at java.base/java.util.concurrent.ThreadPoolExecutor.runWorker(ThreadPoolExecutor.java:1136)
	at java.base/java.util.concurrent.ThreadPoolExecutor$Worker.run(ThreadPoolExecutor.java:635)
	at java.base/java.lang.Thread.run(Thread.java:833)
Caused by: java.net.UnknownHostException: discovery-service
	at java.base/java.net.InetAddress$CachedAddresses.get(InetAddress.java:801)
	at java.base/java.net.InetAddress.getAllByName0(InetAddress.java:1509)
	at java.base/java.net.InetAddress.getAllByName(InetAddress.java:1367)
	at java.base/java.net.InetAddress.getAllByName(InetAddress.java:1301)
	at org.apache.hc.client5.http.SystemDefaultDnsResolver.resolve(SystemDefaultDnsResolver.java:45)
	at org.apache.hc.client5.http.impl.io.DefaultHttpClientConnectionOperator.connect(DefaultHttpClientConnectionOperator.java:144)
	at org.apache.hc.client5.http.impl.io.PoolingHttpClientConnectionManager.connect(PoolingHttpClientConnectionManager.java:450)
	at org.apache.hc.client5.http.impl.classic.InternalExecRuntime.connectEndpoint(InternalExecRuntime.java:162)
	at org.apache.hc.client5.http.impl.classic.InternalExecRuntime.connectEndpoint(InternalExecRuntime.java:172)
	at org.apache.hc.client5.http.impl.classic.ConnectExec.execute(ConnectExec.java:142)
	at org.apache.hc.client5.http.impl.classic.ExecChainElement.execute(ExecChainElement.java:51)
	at org.apache.hc.client5.http.impl.classic.ProtocolExec.execute(ProtocolExec.java:192)
	at org.apache.hc.client5.http.impl.classic.ExecChainElement.execute(ExecChainElement.java:51)
	at org.apache.hc.client5.http.impl.classic.HttpRequestRetryExec.execute(HttpRequestRetryExec.java:113)
	at org.apache.hc.client5.http.impl.classic.ExecChainElement.execute(ExecChainElement.java:51)
	at org.apache.hc.client5.http.impl.classic.ContentCompressionExec.execute(ContentCompressionExec.java:152)
	at org.apache.hc.client5.http.impl.classic.ExecChainElement.execute(ExecChainElement.java:51)
	at org.apache.hc.client5.http.impl.classic.RedirectExec.execute(RedirectExec.java:116)
	at org.apache.hc.client5.http.impl.classic.ExecChainElement.execute(ExecChainElement.java:51)
	at org.apache.hc.client5.http.impl.classic.InternalHttpClient.doExecute(InternalHttpClient.java:170)
	at org.apache.hc.client5.http.impl.classic.CloseableHttpClient.execute(CloseableHttpClient.java:87)
	at org.apache.hc.client5.http.impl.classic.CloseableHttpClient.execute(CloseableHttpClient.java:55)
	at org.apache.hc.client5.http.classic.HttpClient.executeOpen(HttpClient.java:183)
	at org.springframework.http.client.HttpComponentsClientHttpRequest.executeInternal(HttpComponentsClientHttpRequest.java:99)
	at org.springframework.http.client.AbstractStreamingClientHttpRequest.executeInternal(AbstractStreamingClientHttpRequest.java:70)
	at org.springframework.http.client.AbstractClientHttpRequest.execute(AbstractClientHttpRequest.java:66)
	at org.springframework.http.client.InterceptingClientHttpRequest$InterceptingRequestExecution.execute(InterceptingClientHttpRequest.java:112)
	at org.springframework.cloud.netflix.eureka.http.RestTemplateTransportClientFactory.lambda$restTemplate$3(RestTemplateTransportClientFactory.java:170)
	at org.springframework.http.client.InterceptingClientHttpRequest$InterceptingRequestExecution.execute(InterceptingClientHttpRequest.java:88)
	at org.springframework.http.client.InterceptingClientHttpRequest.executeInternal(InterceptingClientHttpRequest.java:72)
	at org.springframework.http.client.AbstractBufferingClientHttpRequest.executeInternal(AbstractBufferingClientHttpRequest.java:48)
	at org.springframework.http.client.AbstractClientHttpRequest.execute(AbstractClientHttpRequest.java:66)
	at org.springframework.web.client.RestTemplate.doExecute(RestTemplate.java:889)
	... 20 more
"}
{"@timestamp":"2024-10-30T00:07:27.885+0900", "level":"WARN", "service":"gateway-service", "trace": "", "span": "", "thread":"DiscoveryClient-HeartbeatExecutor-%d", "logger":"com.netflix.discovery.shared.transport.decorator.RetryableEurekaHttpClient", "message":"Request execution failed with message: I/O error on PUT request for "http://discovery-service:8761/eureka/apps/GATEWAY-SERVICE/host.docker.internal:gateway-service:8111": discovery-service"}
{"@timestamp":"2024-10-30T00:07:27.886+0900", "level":"ERROR", "service":"gateway-service", "trace": "", "span": "", "thread":"DiscoveryClient-HeartbeatExecutor-%d", "logger":"com.netflix.discovery.DiscoveryClient", "message":"DiscoveryClient_GATEWAY-SERVICE/host.docker.internal:gateway-service:8111 - was unable to send heartbeat!"}
com.netflix.discovery.shared.transport.TransportException: Cannot execute request on any known server
	at com.netflix.discovery.shared.transport.decorator.RetryableEurekaHttpClient.execute(RetryableEurekaHttpClient.java:112)
	at com.netflix.discovery.shared.transport.decorator.EurekaHttpClientDecorator.sendHeartBeat(EurekaHttpClientDecorator.java:89)
	at com.netflix.discovery.shared.transport.decorator.EurekaHttpClientDecorator$3.execute(EurekaHttpClientDecorator.java:92)
	at com.netflix.discovery.shared.transport.decorator.SessionedEurekaHttpClient.execute(SessionedEurekaHttpClient.java:76)
	at com.netflix.discovery.shared.transport.decorator.EurekaHttpClientDecorator.sendHeartBeat(EurekaHttpClientDecorator.java:89)
	at com.netflix.discovery.DiscoveryClient.renew(DiscoveryClient.java:845)
	at com.netflix.discovery.DiscoveryClient$HeartbeatThread.run(DiscoveryClient.java:1402)
	at java.base/java.util.concurrent.Executors$RunnableAdapter.call(Executors.java:539)
	at java.base/java.util.concurrent.FutureTask.run(FutureTask.java:264)
	at java.base/java.util.concurrent.ThreadPoolExecutor.runWorker(ThreadPoolExecutor.java:1136)
	at java.base/java.util.concurrent.ThreadPoolExecutor$Worker.run(ThreadPoolExecutor.java:635)
	at java.base/java.lang.Thread.run(Thread.java:833)
{"@timestamp":"2024-10-30T00:07:30.380+0900", "level":"INFO", "service":"gateway-service", "trace": "", "span": "", "thread":"SpringApplicationShutdownHook", "logger":"org.springframework.cloud.netflix.eureka.serviceregistry.EurekaServiceRegistry", "message":"Unregistering application GATEWAY-SERVICE with eureka with status DOWN"}
{"@timestamp":"2024-10-30T00:07:30.380+0900", "level":"INFO", "service":"gateway-service", "trace": "", "span": "", "thread":"SpringApplicationShutdownHook", "logger":"com.netflix.discovery.DiscoveryClient", "message":"Saw local status change event StatusChangeEvent [timestamp=1730214450380, current=DOWN, previous=UP]"}
{"@timestamp":"2024-10-30T00:07:30.380+0900", "level":"INFO", "service":"gateway-service", "trace": "", "span": "", "thread":"DiscoveryClient-InstanceInfoReplicator-%d", "logger":"com.netflix.discovery.DiscoveryClient", "message":"DiscoveryClient_GATEWAY-SERVICE/host.docker.internal:gateway-service:8111: registering service..."}
{"@timestamp":"2024-10-30T00:07:30.386+0900", "level":"INFO", "service":"gateway-service", "trace": "", "span": "", "thread":"DiscoveryClient-InstanceInfoReplicator-%d", "logger":"com.netflix.discovery.shared.transport.decorator.RedirectingEurekaHttpClient", "message":"Request execution error. endpoint=DefaultEndpoint{ serviceUrl='http://discovery-service:8761/eureka/}, exception=I/O error on POST request for "http://discovery-service:8761/eureka/apps/GATEWAY-SERVICE": discovery-service stacktrace=org.springframework.web.client.ResourceAccessException: I/O error on POST request for "http://discovery-service:8761/eureka/apps/GATEWAY-SERVICE": discovery-service
	at org.springframework.web.client.RestTemplate.createResourceAccessException(RestTemplate.java:915)
	at org.springframework.web.client.RestTemplate.doExecute(RestTemplate.java:895)
	at org.springframework.web.client.RestTemplate.execute(RestTemplate.java:790)
	at org.springframework.web.client.RestTemplate.exchange(RestTemplate.java:672)
	at org.springframework.cloud.netflix.eureka.http.RestTemplateEurekaHttpClient.register(RestTemplateEurekaHttpClient.java:77)
	at com.netflix.discovery.shared.transport.decorator.EurekaHttpClientDecorator$1.execute(EurekaHttpClientDecorator.java:59)
	at com.netflix.discovery.shared.transport.decorator.RedirectingEurekaHttpClient.executeOnNewServer(RedirectingEurekaHttpClient.java:121)
	at com.netflix.discovery.shared.transport.decorator.RedirectingEurekaHttpClient.execute(RedirectingEurekaHttpClient.java:80)
	at com.netflix.discovery.shared.transport.decorator.EurekaHttpClientDecorator.register(EurekaHttpClientDecorator.java:56)
	at com.netflix.discovery.shared.transport.decorator.EurekaHttpClientDecorator$1.execute(EurekaHttpClientDecorator.java:59)
	at com.netflix.discovery.shared.transport.decorator.RetryableEurekaHttpClient.execute(RetryableEurekaHttpClient.java:120)
	at com.netflix.discovery.shared.transport.decorator.EurekaHttpClientDecorator.register(EurekaHttpClientDecorator.java:56)
	at com.netflix.discovery.shared.transport.decorator.EurekaHttpClientDecorator$1.execute(EurekaHttpClientDecorator.java:59)
	at com.netflix.discovery.shared.transport.decorator.SessionedEurekaHttpClient.execute(SessionedEurekaHttpClient.java:76)
	at com.netflix.discovery.shared.transport.decorator.EurekaHttpClientDecorator.register(EurekaHttpClientDecorator.java:56)
	at com.netflix.discovery.DiscoveryClient.register(DiscoveryClient.java:828)
	at com.netflix.discovery.InstanceInfoReplicator.run(InstanceInfoReplicator.java:125)
	at com.netflix.discovery.InstanceInfoReplicator$2.run(InstanceInfoReplicator.java:105)
	at java.base/java.util.concurrent.Executors$RunnableAdapter.call(Executors.java:539)
	at java.base/java.util.concurrent.FutureTask.run(FutureTask.java:264)
	at java.base/java.util.concurrent.ScheduledThreadPoolExecutor$ScheduledFutureTask.run(ScheduledThreadPoolExecutor.java:304)
	at java.base/java.util.concurrent.ThreadPoolExecutor.runWorker(ThreadPoolExecutor.java:1136)
	at java.base/java.util.concurrent.ThreadPoolExecutor$Worker.run(ThreadPoolExecutor.java:635)
	at java.base/java.lang.Thread.run(Thread.java:833)
Caused by: java.net.UnknownHostException: discovery-service
	at java.base/java.net.InetAddress$CachedAddresses.get(InetAddress.java:801)
	at java.base/java.net.InetAddress.getAllByName0(InetAddress.java:1509)
	at java.base/java.net.InetAddress.getAllByName(InetAddress.java:1367)
	at java.base/java.net.InetAddress.getAllByName(InetAddress.java:1301)
	at org.apache.hc.client5.http.SystemDefaultDnsResolver.resolve(SystemDefaultDnsResolver.java:45)
	at org.apache.hc.client5.http.impl.io.DefaultHttpClientConnectionOperator.connect(DefaultHttpClientConnectionOperator.java:144)
	at org.apache.hc.client5.http.impl.io.PoolingHttpClientConnectionManager.connect(PoolingHttpClientConnectionManager.java:450)
	at org.apache.hc.client5.http.impl.classic.InternalExecRuntime.connectEndpoint(InternalExecRuntime.java:162)
	at org.apache.hc.client5.http.impl.classic.InternalExecRuntime.connectEndpoint(InternalExecRuntime.java:172)
	at org.apache.hc.client5.http.impl.classic.ConnectExec.execute(ConnectExec.java:142)
	at org.apache.hc.client5.http.impl.classic.ExecChainElement.execute(ExecChainElement.java:51)
	at org.apache.hc.client5.http.impl.classic.ProtocolExec.execute(ProtocolExec.java:192)
	at org.apache.hc.client5.http.impl.classic.ExecChainElement.execute(ExecChainElement.java:51)
	at org.apache.hc.client5.http.impl.classic.HttpRequestRetryExec.execute(HttpRequestRetryExec.java:113)
	at org.apache.hc.client5.http.impl.classic.ExecChainElement.execute(ExecChainElement.java:51)
	at org.apache.hc.client5.http.impl.classic.ContentCompressionExec.execute(ContentCompressionExec.java:152)
	at org.apache.hc.client5.http.impl.classic.ExecChainElement.execute(ExecChainElement.java:51)
	at org.apache.hc.client5.http.impl.classic.RedirectExec.execute(RedirectExec.java:116)
	at org.apache.hc.client5.http.impl.classic.ExecChainElement.execute(ExecChainElement.java:51)
	at org.apache.hc.client5.http.impl.classic.InternalHttpClient.doExecute(InternalHttpClient.java:170)
	at org.apache.hc.client5.http.impl.classic.CloseableHttpClient.execute(CloseableHttpClient.java:87)
	at org.apache.hc.client5.http.impl.classic.CloseableHttpClient.execute(CloseableHttpClient.java:55)
	at org.apache.hc.client5.http.classic.HttpClient.executeOpen(HttpClient.java:183)
	at org.springframework.http.client.HttpComponentsClientHttpRequest.executeInternal(HttpComponentsClientHttpRequest.java:99)
	at org.springframework.http.client.AbstractStreamingClientHttpRequest.executeInternal(AbstractStreamingClientHttpRequest.java:70)
	at org.springframework.http.client.AbstractClientHttpRequest.execute(AbstractClientHttpRequest.java:66)
	at org.springframework.http.client.InterceptingClientHttpRequest$InterceptingRequestExecution.execute(InterceptingClientHttpRequest.java:112)
	at org.springframework.cloud.netflix.eureka.http.RestTemplateTransportClientFactory.lambda$restTemplate$3(RestTemplateTransportClientFactory.java:170)
	at org.springframework.http.client.InterceptingClientHttpRequest$InterceptingRequestExecution.execute(InterceptingClientHttpRequest.java:88)
	at org.springframework.http.client.InterceptingClientHttpRequest.executeInternal(InterceptingClientHttpRequest.java:72)
	at org.springframework.http.client.AbstractBufferingClientHttpRequest.executeInternal(AbstractBufferingClientHttpRequest.java:48)
	at org.springframework.http.client.AbstractClientHttpRequest.execute(AbstractClientHttpRequest.java:66)
	at org.springframework.web.client.RestTemplate.doExecute(RestTemplate.java:889)
	... 22 more
"}
{"@timestamp":"2024-10-30T00:07:30.386+0900", "level":"WARN", "service":"gateway-service", "trace": "", "span": "", "thread":"DiscoveryClient-InstanceInfoReplicator-%d", "logger":"com.netflix.discovery.shared.transport.decorator.RetryableEurekaHttpClient", "message":"Request execution failed with message: I/O error on POST request for "http://discovery-service:8761/eureka/apps/GATEWAY-SERVICE": discovery-service"}
{"@timestamp":"2024-10-30T00:07:30.386+0900", "level":"WARN", "service":"gateway-service", "trace": "", "span": "", "thread":"DiscoveryClient-InstanceInfoReplicator-%d", "logger":"com.netflix.discovery.DiscoveryClient", "message":"DiscoveryClient_GATEWAY-SERVICE/host.docker.internal:gateway-service:8111 - registration failed Cannot execute request on any known server"}
com.netflix.discovery.shared.transport.TransportException: Cannot execute request on any known server
	at com.netflix.discovery.shared.transport.decorator.RetryableEurekaHttpClient.execute(RetryableEurekaHttpClient.java:112)
	at com.netflix.discovery.shared.transport.decorator.EurekaHttpClientDecorator.register(EurekaHttpClientDecorator.java:56)
	at com.netflix.discovery.shared.transport.decorator.EurekaHttpClientDecorator$1.execute(EurekaHttpClientDecorator.java:59)
	at com.netflix.discovery.shared.transport.decorator.SessionedEurekaHttpClient.execute(SessionedEurekaHttpClient.java:76)
	at com.netflix.discovery.shared.transport.decorator.EurekaHttpClientDecorator.register(EurekaHttpClientDecorator.java:56)
	at com.netflix.discovery.DiscoveryClient.register(DiscoveryClient.java:828)
	at com.netflix.discovery.InstanceInfoReplicator.run(InstanceInfoReplicator.java:125)
	at com.netflix.discovery.InstanceInfoReplicator$2.run(InstanceInfoReplicator.java:105)
	at java.base/java.util.concurrent.Executors$RunnableAdapter.call(Executors.java:539)
	at java.base/java.util.concurrent.FutureTask.run(FutureTask.java:264)
	at java.base/java.util.concurrent.ScheduledThreadPoolExecutor$ScheduledFutureTask.run(ScheduledThreadPoolExecutor.java:304)
	at java.base/java.util.concurrent.ThreadPoolExecutor.runWorker(ThreadPoolExecutor.java:1136)
	at java.base/java.util.concurrent.ThreadPoolExecutor$Worker.run(ThreadPoolExecutor.java:635)
	at java.base/java.lang.Thread.run(Thread.java:833)
{"@timestamp":"2024-10-30T00:07:30.386+0900", "level":"WARN", "service":"gateway-service", "trace": "", "span": "", "thread":"DiscoveryClient-InstanceInfoReplicator-%d", "logger":"com.netflix.discovery.InstanceInfoReplicator", "message":"There was a problem with the instance info replicator"}
com.netflix.discovery.shared.transport.TransportException: Cannot execute request on any known server
	at com.netflix.discovery.shared.transport.decorator.RetryableEurekaHttpClient.execute(RetryableEurekaHttpClient.java:112)
	at com.netflix.discovery.shared.transport.decorator.EurekaHttpClientDecorator.register(EurekaHttpClientDecorator.java:56)
	at com.netflix.discovery.shared.transport.decorator.EurekaHttpClientDecorator$1.execute(EurekaHttpClientDecorator.java:59)
	at com.netflix.discovery.shared.transport.decorator.SessionedEurekaHttpClient.execute(SessionedEurekaHttpClient.java:76)
	at com.netflix.discovery.shared.transport.decorator.EurekaHttpClientDecorator.register(EurekaHttpClientDecorator.java:56)
	at com.netflix.discovery.DiscoveryClient.register(DiscoveryClient.java:828)
	at com.netflix.discovery.InstanceInfoReplicator.run(InstanceInfoReplicator.java:125)
	at com.netflix.discovery.InstanceInfoReplicator$2.run(InstanceInfoReplicator.java:105)
	at java.base/java.util.concurrent.Executors$RunnableAdapter.call(Executors.java:539)
	at java.base/java.util.concurrent.FutureTask.run(FutureTask.java:264)
	at java.base/java.util.concurrent.ScheduledThreadPoolExecutor$ScheduledFutureTask.run(ScheduledThreadPoolExecutor.java:304)
	at java.base/java.util.concurrent.ThreadPoolExecutor.runWorker(ThreadPoolExecutor.java:1136)
	at java.base/java.util.concurrent.ThreadPoolExecutor$Worker.run(ThreadPoolExecutor.java:635)
	at java.base/java.lang.Thread.run(Thread.java:833)
{"@timestamp":"2024-10-30T00:07:32.579+0900", "level":"INFO", "service":"gateway-service", "trace": "", "span": "", "thread":"SpringApplicationShutdownHook", "logger":"com.netflix.discovery.DiscoveryClient", "message":"Shutting down DiscoveryClient ..."}
{"@timestamp":"2024-10-30T00:07:33.924+0900", "level":"INFO", "service":"gateway-service", "trace": "", "span": "", "thread":"DiscoveryClient-HeartbeatExecutor-%d", "logger":"com.netflix.discovery.shared.transport.decorator.RedirectingEurekaHttpClient", "message":"Request execution error. endpoint=DefaultEndpoint{ serviceUrl='http://discovery-service:8761/eureka/}, exception=I/O error on PUT request for "http://discovery-service:8761/eureka/apps/GATEWAY-SERVICE/host.docker.internal:gateway-service:8111": 알려진 호스트가 없습니다 (discovery-service) stacktrace=org.springframework.web.client.ResourceAccessException: I/O error on PUT request for "http://discovery-service:8761/eureka/apps/GATEWAY-SERVICE/host.docker.internal:gateway-service:8111": 알려진 호스트가 없습니다 (discovery-service)
	at org.springframework.web.client.RestTemplate.createResourceAccessException(RestTemplate.java:915)
	at org.springframework.web.client.RestTemplate.doExecute(RestTemplate.java:895)
	at org.springframework.web.client.RestTemplate.execute(RestTemplate.java:790)
	at org.springframework.web.client.RestTemplate.exchange(RestTemplate.java:672)
	at org.springframework.cloud.netflix.eureka.http.RestTemplateEurekaHttpClient.sendHeartBeat(RestTemplateEurekaHttpClient.java:99)
	at com.netflix.discovery.shared.transport.decorator.EurekaHttpClientDecorator$3.execute(EurekaHttpClientDecorator.java:92)
	at com.netflix.discovery.shared.transport.decorator.RedirectingEurekaHttpClient.executeOnNewServer(RedirectingEurekaHttpClient.java:121)
	at com.netflix.discovery.shared.transport.decorator.RedirectingEurekaHttpClient.execute(RedirectingEurekaHttpClient.java:80)
	at com.netflix.discovery.shared.transport.decorator.EurekaHttpClientDecorator.sendHeartBeat(EurekaHttpClientDecorator.java:89)
	at com.netflix.discovery.shared.transport.decorator.EurekaHttpClientDecorator$3.execute(EurekaHttpClientDecorator.java:92)
	at com.netflix.discovery.shared.transport.decorator.RetryableEurekaHttpClient.execute(RetryableEurekaHttpClient.java:120)
	at com.netflix.discovery.shared.transport.decorator.EurekaHttpClientDecorator.sendHeartBeat(EurekaHttpClientDecorator.java:89)
	at com.netflix.discovery.shared.transport.decorator.EurekaHttpClientDecorator$3.execute(EurekaHttpClientDecorator.java:92)
	at com.netflix.discovery.shared.transport.decorator.SessionedEurekaHttpClient.execute(SessionedEurekaHttpClient.java:76)
	at com.netflix.discovery.shared.transport.decorator.EurekaHttpClientDecorator.sendHeartBeat(EurekaHttpClientDecorator.java:89)
	at com.netflix.discovery.DiscoveryClient.renew(DiscoveryClient.java:845)
	at com.netflix.discovery.DiscoveryClient$HeartbeatThread.run(DiscoveryClient.java:1402)
	at java.base/java.util.concurrent.Executors$RunnableAdapter.call(Executors.java:539)
	at java.base/java.util.concurrent.FutureTask.run(FutureTask.java:264)
	at java.base/java.util.concurrent.ThreadPoolExecutor.runWorker(ThreadPoolExecutor.java:1136)
	at java.base/java.util.concurrent.ThreadPoolExecutor$Worker.run(ThreadPoolExecutor.java:635)
	at java.base/java.lang.Thread.run(Thread.java:833)
Caused by: java.net.UnknownHostException: 알려진 호스트가 없습니다 (discovery-service)
	at java.base/java.net.Inet6AddressImpl.lookupAllHostAddr(Native Method)
	at java.base/java.net.InetAddress$PlatformNameService.lookupAllHostAddr(InetAddress.java:933)
	at java.base/java.net.InetAddress.getAddressesFromNameService(InetAddress.java:1519)
	at java.base/java.net.InetAddress$NameServiceAddresses.get(InetAddress.java:852)
	at java.base/java.net.InetAddress.getAllByName0(InetAddress.java:1509)
	at java.base/java.net.InetAddress.getAllByName(InetAddress.java:1367)
	at java.base/java.net.InetAddress.getAllByName(InetAddress.java:1301)
	at org.apache.hc.client5.http.SystemDefaultDnsResolver.resolve(SystemDefaultDnsResolver.java:45)
	at org.apache.hc.client5.http.impl.io.DefaultHttpClientConnectionOperator.connect(DefaultHttpClientConnectionOperator.java:144)
	at org.apache.hc.client5.http.impl.io.PoolingHttpClientConnectionManager.connect(PoolingHttpClientConnectionManager.java:450)
	at org.apache.hc.client5.http.impl.classic.InternalExecRuntime.connectEndpoint(InternalExecRuntime.java:162)
	at org.apache.hc.client5.http.impl.classic.InternalExecRuntime.connectEndpoint(InternalExecRuntime.java:172)
	at org.apache.hc.client5.http.impl.classic.ConnectExec.execute(ConnectExec.java:142)
	at org.apache.hc.client5.http.impl.classic.ExecChainElement.execute(ExecChainElement.java:51)
	at org.apache.hc.client5.http.impl.classic.ProtocolExec.execute(ProtocolExec.java:192)
	at org.apache.hc.client5.http.impl.classic.ExecChainElement.execute(ExecChainElement.java:51)
	at org.apache.hc.client5.http.impl.classic.HttpRequestRetryExec.execute(HttpRequestRetryExec.java:113)
	at org.apache.hc.client5.http.impl.classic.ExecChainElement.execute(ExecChainElement.java:51)
	at org.apache.hc.client5.http.impl.classic.ContentCompressionExec.execute(ContentCompressionExec.java:152)
	at org.apache.hc.client5.http.impl.classic.ExecChainElement.execute(ExecChainElement.java:51)
	at org.apache.hc.client5.http.impl.classic.RedirectExec.execute(RedirectExec.java:116)
	at org.apache.hc.client5.http.impl.classic.ExecChainElement.execute(ExecChainElement.java:51)
	at org.apache.hc.client5.http.impl.classic.InternalHttpClient.doExecute(InternalHttpClient.java:170)
	at org.apache.hc.client5.http.impl.classic.CloseableHttpClient.execute(CloseableHttpClient.java:87)
	at org.apache.hc.client5.http.impl.classic.CloseableHttpClient.execute(CloseableHttpClient.java:55)
	at org.apache.hc.client5.http.classic.HttpClient.executeOpen(HttpClient.java:183)
	at org.springframework.http.client.HttpComponentsClientHttpRequest.executeInternal(HttpComponentsClientHttpRequest.java:99)
	at org.springframework.http.client.AbstractStreamingClientHttpRequest.executeInternal(AbstractStreamingClientHttpRequest.java:70)
	at org.springframework.http.client.AbstractClientHttpRequest.execute(AbstractClientHttpRequest.java:66)
	at org.springframework.http.client.InterceptingClientHttpRequest$InterceptingRequestExecution.execute(InterceptingClientHttpRequest.java:112)
	at org.springframework.cloud.netflix.eureka.http.RestTemplateTransportClientFactory.lambda$restTemplate$3(RestTemplateTransportClientFactory.java:170)
	at org.springframework.http.client.InterceptingClientHttpRequest$InterceptingRequestExecution.execute(InterceptingClientHttpRequest.java:88)
	at org.springframework.http.client.InterceptingClientHttpRequest.executeInternal(InterceptingClientHttpRequest.java:72)
	at org.springframework.http.client.AbstractBufferingClientHttpRequest.executeInternal(AbstractBufferingClientHttpRequest.java:48)
	at org.springframework.http.client.AbstractClientHttpRequest.execute(AbstractClientHttpRequest.java:66)
	at org.springframework.web.client.RestTemplate.doExecute(RestTemplate.java:889)
	... 20 more
"}
{"@timestamp":"2024-10-30T00:07:33.924+0900", "level":"WARN", "service":"gateway-service", "trace": "", "span": "", "thread":"DiscoveryClient-HeartbeatExecutor-%d", "logger":"com.netflix.discovery.shared.transport.decorator.RetryableEurekaHttpClient", "message":"Request execution failed with message: I/O error on PUT request for "http://discovery-service:8761/eureka/apps/GATEWAY-SERVICE/host.docker.internal:gateway-service:8111": 알려진 호스트가 없습니다 (discovery-service)"}
{"@timestamp":"2024-10-30T00:07:33.924+0900", "level":"ERROR", "service":"gateway-service", "trace": "", "span": "", "thread":"DiscoveryClient-HeartbeatExecutor-%d", "logger":"com.netflix.discovery.DiscoveryClient", "message":"DiscoveryClient_GATEWAY-SERVICE/host.docker.internal:gateway-service:8111 - was unable to send heartbeat!"}
com.netflix.discovery.shared.transport.TransportException: Cannot execute request on any known server
	at com.netflix.discovery.shared.transport.decorator.RetryableEurekaHttpClient.execute(RetryableEurekaHttpClient.java:112)
	at com.netflix.discovery.shared.transport.decorator.EurekaHttpClientDecorator.sendHeartBeat(EurekaHttpClientDecorator.java:89)
	at com.netflix.discovery.shared.transport.decorator.EurekaHttpClientDecorator$3.execute(EurekaHttpClientDecorator.java:92)
	at com.netflix.discovery.shared.transport.decorator.SessionedEurekaHttpClient.execute(SessionedEurekaHttpClient.java:76)
	at com.netflix.discovery.shared.transport.decorator.EurekaHttpClientDecorator.sendHeartBeat(EurekaHttpClientDecorator.java:89)
	at com.netflix.discovery.DiscoveryClient.renew(DiscoveryClient.java:845)
	at com.netflix.discovery.DiscoveryClient$HeartbeatThread.run(DiscoveryClient.java:1402)
	at java.base/java.util.concurrent.Executors$RunnableAdapter.call(Executors.java:539)
	at java.base/java.util.concurrent.FutureTask.run(FutureTask.java:264)
	at java.base/java.util.concurrent.ThreadPoolExecutor.runWorker(ThreadPoolExecutor.java:1136)
	at java.base/java.util.concurrent.ThreadPoolExecutor$Worker.run(ThreadPoolExecutor.java:635)
	at java.base/java.lang.Thread.run(Thread.java:833)
{"@timestamp":"2024-10-30T00:07:35.585+0900", "level":"INFO", "service":"gateway-service", "trace": "", "span": "", "thread":"SpringApplicationShutdownHook", "logger":"com.netflix.discovery.DiscoveryClient", "message":"Unregistering ..."}
{"@timestamp":"2024-10-30T00:07:35.589+0900", "level":"INFO", "service":"gateway-service", "trace": "", "span": "", "thread":"SpringApplicationShutdownHook", "logger":"com.netflix.discovery.shared.transport.decorator.RedirectingEurekaHttpClient", "message":"Request execution error. endpoint=DefaultEndpoint{ serviceUrl='http://discovery-service:8761/eureka/}, exception=I/O error on DELETE request for "http://discovery-service:8761/eureka/apps/GATEWAY-SERVICE/host.docker.internal:gateway-service:8111": discovery-service stacktrace=org.springframework.web.client.ResourceAccessException: I/O error on DELETE request for "http://discovery-service:8761/eureka/apps/GATEWAY-SERVICE/host.docker.internal:gateway-service:8111": discovery-service
	at org.springframework.web.client.RestTemplate.createResourceAccessException(RestTemplate.java:915)
	at org.springframework.web.client.RestTemplate.doExecute(RestTemplate.java:895)
	at org.springframework.web.client.RestTemplate.execute(RestTemplate.java:790)
	at org.springframework.web.client.RestTemplate.exchange(RestTemplate.java:672)
	at org.springframework.cloud.netflix.eureka.http.RestTemplateEurekaHttpClient.cancel(RestTemplateEurekaHttpClient.java:87)
	at com.netflix.discovery.shared.transport.decorator.EurekaHttpClientDecorator$2.execute(EurekaHttpClientDecorator.java:74)
	at com.netflix.discovery.shared.transport.decorator.RedirectingEurekaHttpClient.executeOnNewServer(RedirectingEurekaHttpClient.java:121)
	at com.netflix.discovery.shared.transport.decorator.RedirectingEurekaHttpClient.execute(RedirectingEurekaHttpClient.java:80)
	at com.netflix.discovery.shared.transport.decorator.EurekaHttpClientDecorator.cancel(EurekaHttpClientDecorator.java:71)
	at com.netflix.discovery.shared.transport.decorator.EurekaHttpClientDecorator$2.execute(EurekaHttpClientDecorator.java:74)
	at com.netflix.discovery.shared.transport.decorator.RetryableEurekaHttpClient.execute(RetryableEurekaHttpClient.java:120)
	at com.netflix.discovery.shared.transport.decorator.EurekaHttpClientDecorator.cancel(EurekaHttpClientDecorator.java:71)
	at com.netflix.discovery.shared.transport.decorator.EurekaHttpClientDecorator$2.execute(EurekaHttpClientDecorator.java:74)
	at com.netflix.discovery.shared.transport.decorator.SessionedEurekaHttpClient.execute(SessionedEurekaHttpClient.java:76)
	at com.netflix.discovery.shared.transport.decorator.EurekaHttpClientDecorator.cancel(EurekaHttpClientDecorator.java:71)
	at com.netflix.discovery.DiscoveryClient.unregister(DiscoveryClient.java:919)
	at com.netflix.discovery.DiscoveryClient.shutdown(DiscoveryClient.java:900)
	at java.base/jdk.internal.reflect.NativeMethodAccessorImpl.invoke0(Native Method)
	at java.base/jdk.internal.reflect.NativeMethodAccessorImpl.invoke(NativeMethodAccessorImpl.java:77)
	at java.base/jdk.internal.reflect.DelegatingMethodAccessorImpl.invoke(DelegatingMethodAccessorImpl.java:43)
	at java.base/java.lang.reflect.Method.invoke(Method.java:568)
	at org.springframework.beans.factory.annotation.InitDestroyAnnotationBeanPostProcessor$LifecycleMethod.invoke(InitDestroyAnnotationBeanPostProcessor.java:457)
	at org.springframework.beans.factory.annotation.InitDestroyAnnotationBeanPostProcessor$LifecycleMetadata.invokeDestroyMethods(InitDestroyAnnotationBeanPostProcessor.java:415)
	at org.springframework.beans.factory.annotation.InitDestroyAnnotationBeanPostProcessor.postProcessBeforeDestruction(InitDestroyAnnotationBeanPostProcessor.java:239)
	at org.springframework.beans.factory.support.DisposableBeanAdapter.destroy(DisposableBeanAdapter.java:202)
	at org.springframework.beans.factory.support.DisposableBeanAdapter.run(DisposableBeanAdapter.java:195)
	at org.springframework.cloud.context.scope.GenericScope$BeanLifecycleWrapper.destroy(GenericScope.java:389)
	at org.springframework.cloud.context.scope.GenericScope.destroy(GenericScope.java:136)
	at org.springframework.beans.factory.support.DisposableBeanAdapter.destroy(DisposableBeanAdapter.java:211)
	at org.springframework.beans.factory.support.DefaultSingletonBeanRegistry.destroyBean(DefaultSingletonBeanRegistry.java:587)
	at org.springframework.beans.factory.support.DefaultSingletonBeanRegistry.destroySingleton(DefaultSingletonBeanRegistry.java:559)
	at org.springframework.beans.factory.support.DefaultListableBeanFactory.destroySingleton(DefaultListableBeanFactory.java:1202)
	at org.springframework.beans.factory.support.DefaultSingletonBeanRegistry.destroySingletons(DefaultSingletonBeanRegistry.java:520)
	at org.springframework.beans.factory.support.DefaultListableBeanFactory.destroySingletons(DefaultListableBeanFactory.java:1195)
	at org.springframework.context.support.AbstractApplicationContext.destroyBeans(AbstractApplicationContext.java:1195)
	at org.springframework.context.support.AbstractApplicationContext.doClose(AbstractApplicationContext.java:1156)
	at org.springframework.boot.web.reactive.context.ReactiveWebServerApplicationContext.doClose(ReactiveWebServerApplicationContext.java:149)
	at org.springframework.context.support.AbstractApplicationContext.close(AbstractApplicationContext.java:1102)
	at org.springframework.boot.SpringApplicationShutdownHook.closeAndWait(SpringApplicationShutdownHook.java:145)
	at java.base/java.lang.Iterable.forEach(Iterable.java:75)
	at org.springframework.boot.SpringApplicationShutdownHook.run(SpringApplicationShutdownHook.java:114)
	at java.base/java.lang.Thread.run(Thread.java:833)
Caused by: java.net.UnknownHostException: discovery-service
	at java.base/java.net.InetAddress$CachedAddresses.get(InetAddress.java:801)
	at java.base/java.net.InetAddress.getAllByName0(InetAddress.java:1509)
	at java.base/java.net.InetAddress.getAllByName(InetAddress.java:1367)
	at java.base/java.net.InetAddress.getAllByName(InetAddress.java:1301)
	at org.apache.hc.client5.http.SystemDefaultDnsResolver.resolve(SystemDefaultDnsResolver.java:45)
	at org.apache.hc.client5.http.impl.io.DefaultHttpClientConnectionOperator.connect(DefaultHttpClientConnectionOperator.java:144)
	at org.apache.hc.client5.http.impl.io.PoolingHttpClientConnectionManager.connect(PoolingHttpClientConnectionManager.java:450)
	at org.apache.hc.client5.http.impl.classic.InternalExecRuntime.connectEndpoint(InternalExecRuntime.java:162)
	at org.apache.hc.client5.http.impl.classic.InternalExecRuntime.connectEndpoint(InternalExecRuntime.java:172)
	at org.apache.hc.client5.http.impl.classic.ConnectExec.execute(ConnectExec.java:142)
	at org.apache.hc.client5.http.impl.classic.ExecChainElement.execute(ExecChainElement.java:51)
	at org.apache.hc.client5.http.impl.classic.ProtocolExec.execute(ProtocolExec.java:192)
	at org.apache.hc.client5.http.impl.classic.ExecChainElement.execute(ExecChainElement.java:51)
	at org.apache.hc.client5.http.impl.classic.HttpRequestRetryExec.execute(HttpRequestRetryExec.java:113)
	at org.apache.hc.client5.http.impl.classic.ExecChainElement.execute(ExecChainElement.java:51)
	at org.apache.hc.client5.http.impl.classic.ContentCompressionExec.execute(ContentCompressionExec.java:152)
	at org.apache.hc.client5.http.impl.classic.ExecChainElement.execute(ExecChainElement.java:51)
	at org.apache.hc.client5.http.impl.classic.RedirectExec.execute(RedirectExec.java:116)
	at org.apache.hc.client5.http.impl.classic.ExecChainElement.execute(ExecChainElement.java:51)
	at org.apache.hc.client5.http.impl.classic.InternalHttpClient.doExecute(InternalHttpClient.java:170)
	at org.apache.hc.client5.http.impl.classic.CloseableHttpClient.execute(CloseableHttpClient.java:87)
	at org.apache.hc.client5.http.impl.classic.CloseableHttpClient.execute(CloseableHttpClient.java:55)
	at org.apache.hc.client5.http.classic.HttpClient.executeOpen(HttpClient.java:183)
	at org.springframework.http.client.HttpComponentsClientHttpRequest.executeInternal(HttpComponentsClientHttpRequest.java:99)
	at org.springframework.http.client.AbstractStreamingClientHttpRequest.executeInternal(AbstractStreamingClientHttpRequest.java:70)
	at org.springframework.http.client.AbstractClientHttpRequest.execute(AbstractClientHttpRequest.java:66)
	at org.springframework.http.client.InterceptingClientHttpRequest$InterceptingRequestExecution.execute(InterceptingClientHttpRequest.java:112)
	at org.springframework.cloud.netflix.eureka.http.RestTemplateTransportClientFactory.lambda$restTemplate$3(RestTemplateTransportClientFactory.java:170)
	at org.springframework.http.client.InterceptingClientHttpRequest$InterceptingRequestExecution.execute(InterceptingClientHttpRequest.java:88)
	at org.springframework.http.client.InterceptingClientHttpRequest.executeInternal(InterceptingClientHttpRequest.java:72)
	at org.springframework.http.client.AbstractBufferingClientHttpRequest.executeInternal(AbstractBufferingClientHttpRequest.java:48)
	at org.springframework.http.client.AbstractClientHttpRequest.execute(AbstractClientHttpRequest.java:66)
	at org.springframework.web.client.RestTemplate.doExecute(RestTemplate.java:889)
	... 40 more
"}
{"@timestamp":"2024-10-30T00:07:35.589+0900", "level":"WARN", "service":"gateway-service", "trace": "", "span": "", "thread":"SpringApplicationShutdownHook", "logger":"com.netflix.discovery.shared.transport.decorator.RetryableEurekaHttpClient", "message":"Request execution failed with message: I/O error on DELETE request for "http://discovery-service:8761/eureka/apps/GATEWAY-SERVICE/host.docker.internal:gateway-service:8111": discovery-service"}
{"@timestamp":"2024-10-30T00:07:35.590+0900", "level":"ERROR", "service":"gateway-service", "trace": "", "span": "", "thread":"SpringApplicationShutdownHook", "logger":"com.netflix.discovery.DiscoveryClient", "message":"DiscoveryClient_GATEWAY-SERVICE/host.docker.internal:gateway-service:8111 - de-registration failedCannot execute request on any known server"}
com.netflix.discovery.shared.transport.TransportException: Cannot execute request on any known server
	at com.netflix.discovery.shared.transport.decorator.RetryableEurekaHttpClient.execute(RetryableEurekaHttpClient.java:112)
	at com.netflix.discovery.shared.transport.decorator.EurekaHttpClientDecorator.cancel(EurekaHttpClientDecorator.java:71)
	at com.netflix.discovery.shared.transport.decorator.EurekaHttpClientDecorator$2.execute(EurekaHttpClientDecorator.java:74)
	at com.netflix.discovery.shared.transport.decorator.SessionedEurekaHttpClient.execute(SessionedEurekaHttpClient.java:76)
	at com.netflix.discovery.shared.transport.decorator.EurekaHttpClientDecorator.cancel(EurekaHttpClientDecorator.java:71)
	at com.netflix.discovery.DiscoveryClient.unregister(DiscoveryClient.java:919)
	at com.netflix.discovery.DiscoveryClient.shutdown(DiscoveryClient.java:900)
	at java.base/jdk.internal.reflect.NativeMethodAccessorImpl.invoke0(Native Method)
	at java.base/jdk.internal.reflect.NativeMethodAccessorImpl.invoke(NativeMethodAccessorImpl.java:77)
	at java.base/jdk.internal.reflect.DelegatingMethodAccessorImpl.invoke(DelegatingMethodAccessorImpl.java:43)
	at java.base/java.lang.reflect.Method.invoke(Method.java:568)
	at org.springframework.beans.factory.annotation.InitDestroyAnnotationBeanPostProcessor$LifecycleMethod.invoke(InitDestroyAnnotationBeanPostProcessor.java:457)
	at org.springframework.beans.factory.annotation.InitDestroyAnnotationBeanPostProcessor$LifecycleMetadata.invokeDestroyMethods(InitDestroyAnnotationBeanPostProcessor.java:415)
	at org.springframework.beans.factory.annotation.InitDestroyAnnotationBeanPostProcessor.postProcessBeforeDestruction(InitDestroyAnnotationBeanPostProcessor.java:239)
	at org.springframework.beans.factory.support.DisposableBeanAdapter.destroy(DisposableBeanAdapter.java:202)
	at org.springframework.beans.factory.support.DisposableBeanAdapter.run(DisposableBeanAdapter.java:195)
	at org.springframework.cloud.context.scope.GenericScope$BeanLifecycleWrapper.destroy(GenericScope.java:389)
	at org.springframework.cloud.context.scope.GenericScope.destroy(GenericScope.java:136)
	at org.springframework.beans.factory.support.DisposableBeanAdapter.destroy(DisposableBeanAdapter.java:211)
	at org.springframework.beans.factory.support.DefaultSingletonBeanRegistry.destroyBean(DefaultSingletonBeanRegistry.java:587)
	at org.springframework.beans.factory.support.DefaultSingletonBeanRegistry.destroySingleton(DefaultSingletonBeanRegistry.java:559)
	at org.springframework.beans.factory.support.DefaultListableBeanFactory.destroySingleton(DefaultListableBeanFactory.java:1202)
	at org.springframework.beans.factory.support.DefaultSingletonBeanRegistry.destroySingletons(DefaultSingletonBeanRegistry.java:520)
	at org.springframework.beans.factory.support.DefaultListableBeanFactory.destroySingletons(DefaultListableBeanFactory.java:1195)
	at org.springframework.context.support.AbstractApplicationContext.destroyBeans(AbstractApplicationContext.java:1195)
	at org.springframework.context.support.AbstractApplicationContext.doClose(AbstractApplicationContext.java:1156)
	at org.springframework.boot.web.reactive.context.ReactiveWebServerApplicationContext.doClose(ReactiveWebServerApplicationContext.java:149)
	at org.springframework.context.support.AbstractApplicationContext.close(AbstractApplicationContext.java:1102)
	at org.springframework.boot.SpringApplicationShutdownHook.closeAndWait(SpringApplicationShutdownHook.java:145)
	at java.base/java.lang.Iterable.forEach(Iterable.java:75)
	at org.springframework.boot.SpringApplicationShutdownHook.run(SpringApplicationShutdownHook.java:114)
	at java.base/java.lang.Thread.run(Thread.java:833)
{"@timestamp":"2024-10-30T00:07:35.590+0900", "level":"INFO", "service":"gateway-service", "trace": "", "span": "", "thread":"SpringApplicationShutdownHook", "logger":"com.netflix.discovery.DiscoveryClient", "message":"Completed shut down of DiscoveryClient"}
