{"@timestamp":"2024-10-31T18:48:42.795+0900", "level":"INFO", "service":"admin-service", "trace": "", "span": "", "thread":"main", "logger":"com.adminservice.AdminServiceApplication", "message":"Starting AdminServiceApplication using Java 17 with PID 33496 (C:\Users\김용우\IdeaProjects\adore-be\admin-service\build\classes\java\main started by Kimyoungwoo in C:\Users\김용우\IdeaProjects\adore-be\admin-service)"}
{"@timestamp":"2024-10-31T18:48:42.800+0900", "level":"INFO", "service":"admin-service", "trace": "", "span": "", "thread":"main", "logger":"com.adminservice.AdminServiceApplication", "message":"No active profile set, falling back to 1 default profile: "default""}
{"@timestamp":"2024-10-31T18:48:42.828+0900", "level":"INFO", "service":"admin-service", "trace": "", "span": "", "thread":"main", "logger":"org.springframework.cloud.config.client.ConfigServerConfigDataLoader", "message":"Fetching config from server at : http://config-service:8888"}
{"@timestamp":"2024-10-31T18:48:42.828+0900", "level":"INFO", "service":"admin-service", "trace": "", "span": "", "thread":"main", "logger":"org.springframework.cloud.config.client.ConfigServerConfigDataLoader", "message":"Exception on Url - http://config-service:8888:org.springframework.web.client.ResourceAccessException: I/O error on GET request for "http://config-service:8888/admin-service/default": config-service. Will be trying the next url if available"}
{"@timestamp":"2024-10-31T18:48:42.828+0900", "level":"WARN", "service":"admin-service", "trace": "", "span": "", "thread":"main", "logger":"org.springframework.cloud.config.client.ConfigServerConfigDataLoader", "message":"Could not locate PropertySource ([ConfigServerConfigDataResource@253c1256 uris = array<String>['http://config-service:8888'], optional = true, profiles = 'default']): I/O error on GET request for "http://config-service:8888/admin-service/default": config-service"}
{"@timestamp":"2024-10-31T18:48:42.828+0900", "level":"INFO", "service":"admin-service", "trace": "", "span": "", "thread":"main", "logger":"org.springframework.cloud.config.client.ConfigServerConfigDataLoader", "message":"Fetching config from server at : http://config-service:8888"}
{"@timestamp":"2024-10-31T18:48:42.828+0900", "level":"INFO", "service":"admin-service", "trace": "", "span": "", "thread":"main", "logger":"org.springframework.cloud.config.client.ConfigServerConfigDataLoader", "message":"Exception on Url - http://config-service:8888:org.springframework.web.client.ResourceAccessException: I/O error on GET request for "http://config-service:8888/admin-service/default": config-service. Will be trying the next url if available"}
{"@timestamp":"2024-10-31T18:48:42.828+0900", "level":"WARN", "service":"admin-service", "trace": "", "span": "", "thread":"main", "logger":"org.springframework.cloud.config.client.ConfigServerConfigDataLoader", "message":"Could not locate PropertySource ([ConfigServerConfigDataResource@3163987e uris = array<String>['http://config-service:8888'], optional = true, profiles = 'default']): I/O error on GET request for "http://config-service:8888/admin-service/default": config-service"}
{"@timestamp":"2024-10-31T18:48:42.828+0900", "level":"INFO", "service":"admin-service", "trace": "", "span": "", "thread":"main", "logger":"org.springframework.cloud.config.client.ConfigServerConfigDataLoader", "message":"Fetching config from server at : http://config-service:8888"}
{"@timestamp":"2024-10-31T18:48:42.828+0900", "level":"INFO", "service":"admin-service", "trace": "", "span": "", "thread":"main", "logger":"org.springframework.cloud.config.client.ConfigServerConfigDataLoader", "message":"Exception on Url - http://config-service:8888:org.springframework.web.client.ResourceAccessException: I/O error on GET request for "http://config-service:8888/admin-service/default": config-service. Will be trying the next url if available"}
{"@timestamp":"2024-10-31T18:48:42.828+0900", "level":"WARN", "service":"admin-service", "trace": "", "span": "", "thread":"main", "logger":"org.springframework.cloud.config.client.ConfigServerConfigDataLoader", "message":"Could not locate PropertySource ([ConfigServerConfigDataResource@6c000e0c uris = array<String>['http://config-service:8888'], optional = true, profiles = 'default']): I/O error on GET request for "http://config-service:8888/admin-service/default": config-service"}
{"@timestamp":"2024-10-31T18:48:43.597+0900", "level":"INFO", "service":"admin-service", "trace": "", "span": "", "thread":"main", "logger":"org.springframework.data.repository.config.RepositoryConfigurationDelegate", "message":"Bootstrapping Spring Data JPA repositories in DEFAULT mode."}
{"@timestamp":"2024-10-31T18:48:43.739+0900", "level":"INFO", "service":"admin-service", "trace": "", "span": "", "thread":"main", "logger":"org.springframework.data.repository.config.RepositoryConfigurationDelegate", "message":"Finished Spring Data repository scanning in 130 ms. Found 1 JPA repository interface."}
{"@timestamp":"2024-10-31T18:48:43.906+0900", "level":"INFO", "service":"admin-service", "trace": "", "span": "", "thread":"main", "logger":"org.springframework.cloud.context.scope.GenericScope", "message":"BeanFactory id=c7f5f8f9-5801-32f5-b02d-ba1b675b8f5f"}
{"@timestamp":"2024-10-31T18:48:44.013+0900", "level":"WARN", "service":"admin-service", "trace": "", "span": "", "thread":"main", "logger":"org.springframework.context.support.PostProcessorRegistrationDelegate$BeanPostProcessorChecker", "message":"Bean 'org.springframework.cloud.client.loadbalancer.LoadBalancerAutoConfiguration$DeferringLoadBalancerInterceptorConfig' of type [org.springframework.cloud.client.loadbalancer.LoadBalancerAutoConfiguration$DeferringLoadBalancerInterceptorConfig] is not eligible for getting processed by all BeanPostProcessors (for example: not eligible for auto-proxying). The currently created BeanPostProcessor [lbRestClientPostProcessor] is declared through a non-static factory method on that class; consider declaring it as static instead."}
{"@timestamp":"2024-10-31T18:48:44.014+0900", "level":"WARN", "service":"admin-service", "trace": "", "span": "", "thread":"main", "logger":"org.springframework.context.support.PostProcessorRegistrationDelegate$BeanPostProcessorChecker", "message":"Bean 'deferringLoadBalancerInterceptor' of type [org.springframework.cloud.client.loadbalancer.DeferringLoadBalancerInterceptor] is not eligible for getting processed by all BeanPostProcessors (for example: not eligible for auto-proxying). Is this bean getting eagerly injected/applied to a currently created BeanPostProcessor [lbRestClientPostProcessor]? Check the corresponding BeanPostProcessor declaration and its dependencies/advisors. If this bean does not have to be post-processed, declare it with ROLE_INFRASTRUCTURE."}
{"@timestamp":"2024-10-31T18:48:44.207+0900", "level":"INFO", "service":"admin-service", "trace": "", "span": "", "thread":"main", "logger":"org.springframework.boot.web.embedded.tomcat.TomcatWebServer", "message":"Tomcat initialized with port 8083 (http)"}
{"@timestamp":"2024-10-31T18:48:44.219+0900", "level":"INFO", "service":"admin-service", "trace": "", "span": "", "thread":"main", "logger":"org.apache.catalina.core.StandardService", "message":"Starting service [Tomcat]"}
{"@timestamp":"2024-10-31T18:48:44.220+0900", "level":"INFO", "service":"admin-service", "trace": "", "span": "", "thread":"main", "logger":"org.apache.catalina.core.StandardEngine", "message":"Starting Servlet engine: [Apache Tomcat/10.1.31]"}
{"@timestamp":"2024-10-31T18:48:44.302+0900", "level":"INFO", "service":"admin-service", "trace": "", "span": "", "thread":"main", "logger":"org.apache.catalina.core.ContainerBase.[Tomcat].[localhost].[/]", "message":"Initializing Spring embedded WebApplicationContext"}
{"@timestamp":"2024-10-31T18:48:44.302+0900", "level":"INFO", "service":"admin-service", "trace": "", "span": "", "thread":"main", "logger":"org.springframework.boot.web.servlet.context.ServletWebServerApplicationContext", "message":"Root WebApplicationContext: initialization completed in 1472 ms"}
{"@timestamp":"2024-10-31T18:48:44.435+0900", "level":"INFO", "service":"admin-service", "trace": "", "span": "", "thread":"main", "logger":"org.hibernate.jpa.internal.util.LogHelper", "message":"HHH000204: Processing PersistenceUnitInfo [name: default]"}
{"@timestamp":"2024-10-31T18:48:44.502+0900", "level":"INFO", "service":"admin-service", "trace": "", "span": "", "thread":"main", "logger":"org.hibernate.Version", "message":"HHH000412: Hibernate ORM core version 6.5.3.Final"}
{"@timestamp":"2024-10-31T18:48:44.536+0900", "level":"INFO", "service":"admin-service", "trace": "", "span": "", "thread":"main", "logger":"org.hibernate.cache.internal.RegionFactoryInitiator", "message":"HHH000026: Second-level cache disabled"}
{"@timestamp":"2024-10-31T18:48:44.840+0900", "level":"INFO", "service":"admin-service", "trace": "", "span": "", "thread":"main", "logger":"org.springframework.orm.jpa.persistenceunit.SpringPersistenceUnitInfo", "message":"No LoadTimeWeaver setup: ignoring JPA class transformer"}
{"@timestamp":"2024-10-31T18:48:44.870+0900", "level":"INFO", "service":"admin-service", "trace": "", "span": "", "thread":"main", "logger":"com.zaxxer.hikari.HikariDataSource", "message":"HikariPool-1 - Starting..."}
{"@timestamp":"2024-10-31T18:48:44.944+0900", "level":"INFO", "service":"admin-service", "trace": "", "span": "", "thread":"main", "logger":"com.zaxxer.hikari.pool.HikariPool", "message":"HikariPool-1 - Added connection org.mariadb.jdbc.Connection@3980b44f"}
{"@timestamp":"2024-10-31T18:48:44.946+0900", "level":"INFO", "service":"admin-service", "trace": "", "span": "", "thread":"main", "logger":"com.zaxxer.hikari.HikariDataSource", "message":"HikariPool-1 - Start completed."}
{"@timestamp":"2024-10-31T18:48:45.745+0900", "level":"INFO", "service":"admin-service", "trace": "", "span": "", "thread":"main", "logger":"org.hibernate.engine.transaction.jta.platform.internal.JtaPlatformInitiator", "message":"HHH000489: No JTA platform available (set 'hibernate.transaction.jta.platform' to enable JTA platform integration)"}
{"@timestamp":"2024-10-31T18:48:45.793+0900", "level":"INFO", "service":"admin-service", "trace": "", "span": "", "thread":"main", "logger":"org.springframework.orm.jpa.LocalContainerEntityManagerFactoryBean", "message":"Initialized JPA EntityManagerFactory for persistence unit 'default'"}
{"@timestamp":"2024-10-31T18:48:46.113+0900", "level":"WARN", "service":"admin-service", "trace": "", "span": "", "thread":"main", "logger":"org.springframework.boot.autoconfigure.orm.jpa.JpaBaseConfiguration$JpaWebConfiguration", "message":"spring.jpa.open-in-view is enabled by default. Therefore, database queries may be performed during view rendering. Explicitly configure spring.jpa.open-in-view to disable this warning"}
{"@timestamp":"2024-10-31T18:48:47.379+0900", "level":"INFO", "service":"admin-service", "trace": "", "span": "", "thread":"main", "logger":"org.springframework.cloud.netflix.eureka.config.DiscoveryClientOptionalArgsConfiguration", "message":"Eureka HTTP Client uses RestTemplate."}
{"@timestamp":"2024-10-31T18:48:47.454+0900", "level":"INFO", "service":"admin-service", "trace": "", "span": "", "thread":"main", "logger":"org.springframework.cloud.netflix.eureka.InstanceInfoFactory", "message":"Setting initial instance status as: STARTING"}
{"@timestamp":"2024-10-31T18:48:47.473+0900", "level":"INFO", "service":"admin-service", "trace": "", "span": "", "thread":"main", "logger":"com.netflix.discovery.DiscoveryClient", "message":"Initializing Eureka in region us-east-1"}
{"@timestamp":"2024-10-31T18:48:47.476+0900", "level":"INFO", "service":"admin-service", "trace": "", "span": "", "thread":"main", "logger":"com.netflix.discovery.shared.resolver.aws.ConfigClusterResolver", "message":"Resolving eureka endpoints via configuration"}
{"@timestamp":"2024-10-31T18:48:47.483+0900", "level":"INFO", "service":"admin-service", "trace": "", "span": "", "thread":"main", "logger":"com.netflix.discovery.DiscoveryClient", "message":"Disable delta property : false"}
{"@timestamp":"2024-10-31T18:48:47.483+0900", "level":"INFO", "service":"admin-service", "trace": "", "span": "", "thread":"main", "logger":"com.netflix.discovery.DiscoveryClient", "message":"Single vip registry refresh property : null"}
{"@timestamp":"2024-10-31T18:48:47.483+0900", "level":"INFO", "service":"admin-service", "trace": "", "span": "", "thread":"main", "logger":"com.netflix.discovery.DiscoveryClient", "message":"Force full registry fetch : false"}
{"@timestamp":"2024-10-31T18:48:47.483+0900", "level":"INFO", "service":"admin-service", "trace": "", "span": "", "thread":"main", "logger":"com.netflix.discovery.DiscoveryClient", "message":"Application is null : false"}
{"@timestamp":"2024-10-31T18:48:47.483+0900", "level":"INFO", "service":"admin-service", "trace": "", "span": "", "thread":"main", "logger":"com.netflix.discovery.DiscoveryClient", "message":"Registered Applications size is zero : true"}
{"@timestamp":"2024-10-31T18:48:47.483+0900", "level":"INFO", "service":"admin-service", "trace": "", "span": "", "thread":"main", "logger":"com.netflix.discovery.DiscoveryClient", "message":"Application version is -1: true"}
{"@timestamp":"2024-10-31T18:48:47.483+0900", "level":"INFO", "service":"admin-service", "trace": "", "span": "", "thread":"main", "logger":"com.netflix.discovery.DiscoveryClient", "message":"Getting all instance registry info from the eureka server"}
{"@timestamp":"2024-10-31T18:48:48.690+0900", "level":"INFO", "service":"admin-service", "trace": "", "span": "", "thread":"main", "logger":"com.netflix.discovery.shared.transport.decorator.RedirectingEurekaHttpClient", "message":"Request execution error. endpoint=DefaultEndpoint{ serviceUrl='http://discovery-service:8761/eureka/}, exception=I/O error on GET request for "http://discovery-service:8761/eureka/apps/": 알려진 호스트가 없습니다 (discovery-service) stacktrace=org.springframework.web.client.ResourceAccessException: I/O error on GET request for "http://discovery-service:8761/eureka/apps/": 알려진 호스트가 없습니다 (discovery-service)
	at org.springframework.web.client.RestTemplate.createResourceAccessException(RestTemplate.java:915)
	at org.springframework.web.client.RestTemplate.doExecute(RestTemplate.java:895)
	at org.springframework.web.client.RestTemplate.execute(RestTemplate.java:790)
	at org.springframework.web.client.RestTemplate.exchange(RestTemplate.java:672)
	at org.springframework.cloud.netflix.eureka.http.RestTemplateEurekaHttpClient.getApplicationsInternal(RestTemplateEurekaHttpClient.java:145)
	at org.springframework.cloud.netflix.eureka.http.RestTemplateEurekaHttpClient.getApplications(RestTemplateEurekaHttpClient.java:135)
	at com.netflix.discovery.shared.transport.decorator.EurekaHttpClientDecorator$6.execute(EurekaHttpClientDecorator.java:137)
	at com.netflix.discovery.shared.transport.decorator.RedirectingEurekaHttpClient.executeOnNewServer(RedirectingEurekaHttpClient.java:121)
	at com.netflix.discovery.shared.transport.decorator.RedirectingEurekaHttpClient.execute(RedirectingEurekaHttpClient.java:80)
	at com.netflix.discovery.shared.transport.decorator.EurekaHttpClientDecorator.getApplications(EurekaHttpClientDecorator.java:134)
	at com.netflix.discovery.shared.transport.decorator.EurekaHttpClientDecorator$6.execute(EurekaHttpClientDecorator.java:137)
	at com.netflix.discovery.shared.transport.decorator.RetryableEurekaHttpClient.execute(RetryableEurekaHttpClient.java:120)
	at com.netflix.discovery.shared.transport.decorator.EurekaHttpClientDecorator.getApplications(EurekaHttpClientDecorator.java:134)
	at com.netflix.discovery.shared.transport.decorator.EurekaHttpClientDecorator$6.execute(EurekaHttpClientDecorator.java:137)
	at com.netflix.discovery.shared.transport.decorator.SessionedEurekaHttpClient.execute(SessionedEurekaHttpClient.java:76)
	at com.netflix.discovery.shared.transport.decorator.EurekaHttpClientDecorator.getApplications(EurekaHttpClientDecorator.java:134)
	at com.netflix.discovery.DiscoveryClient.getAndStoreFullRegistry(DiscoveryClient.java:1046)
	at com.netflix.discovery.DiscoveryClient.fetchRegistry(DiscoveryClient.java:961)
	at com.netflix.discovery.DiscoveryClient.<init>(DiscoveryClient.java:410)
	at com.netflix.discovery.DiscoveryClient.<init>(DiscoveryClient.java:245)
	at com.netflix.discovery.DiscoveryClient.<init>(DiscoveryClient.java:240)
	at org.springframework.cloud.netflix.eureka.CloudEurekaClient.<init>(CloudEurekaClient.java:68)
	at org.springframework.cloud.netflix.eureka.EurekaClientAutoConfiguration$RefreshableEurekaClientConfiguration.eurekaClient(EurekaClientAutoConfiguration.java:321)
	at java.base/jdk.internal.reflect.NativeMethodAccessorImpl.invoke0(Native Method)
	at java.base/jdk.internal.reflect.NativeMethodAccessorImpl.invoke(NativeMethodAccessorImpl.java:77)
	at java.base/jdk.internal.reflect.DelegatingMethodAccessorImpl.invoke(DelegatingMethodAccessorImpl.java:43)
	at java.base/java.lang.reflect.Method.invoke(Method.java:568)
	at org.springframework.beans.factory.support.SimpleInstantiationStrategy.instantiate(SimpleInstantiationStrategy.java:146)
	at org.springframework.beans.factory.support.ConstructorResolver.instantiate(ConstructorResolver.java:644)
	at org.springframework.beans.factory.support.ConstructorResolver.instantiateUsingFactoryMethod(ConstructorResolver.java:636)
	at org.springframework.beans.factory.support.AbstractAutowireCapableBeanFactory.instantiateUsingFactoryMethod(AbstractAutowireCapableBeanFactory.java:1355)
	at org.springframework.beans.factory.support.AbstractAutowireCapableBeanFactory.createBeanInstance(AbstractAutowireCapableBeanFactory.java:1185)
	at org.springframework.beans.factory.support.AbstractAutowireCapableBeanFactory.doCreateBean(AbstractAutowireCapableBeanFactory.java:562)
	at org.springframework.beans.factory.support.AbstractAutowireCapableBeanFactory.createBean(AbstractAutowireCapableBeanFactory.java:522)
	at org.springframework.beans.factory.support.AbstractBeanFactory.lambda$doGetBean$1(AbstractBeanFactory.java:376)
	at org.springframework.cloud.context.scope.GenericScope$BeanLifecycleWrapper.getBean(GenericScope.java:375)
	at org.springframework.cloud.context.scope.GenericScope.get(GenericScope.java:179)
	at org.springframework.beans.factory.support.AbstractBeanFactory.doGetBean(AbstractBeanFactory.java:373)
	at org.springframework.beans.factory.support.AbstractBeanFactory.getBean(AbstractBeanFactory.java:200)
	at org.springframework.aop.target.SimpleBeanTargetSource.getTarget(SimpleBeanTargetSource.java:35)
	at org.springframework.cloud.netflix.eureka.serviceregistry.EurekaRegistration.getTargetObject(EurekaRegistration.java:128)
	at org.springframework.cloud.netflix.eureka.serviceregistry.EurekaRegistration.getEurekaClient(EurekaRegistration.java:116)
	at java.base/jdk.internal.reflect.NativeMethodAccessorImpl.invoke0(Native Method)
	at java.base/jdk.internal.reflect.NativeMethodAccessorImpl.invoke(NativeMethodAccessorImpl.java:77)
	at java.base/jdk.internal.reflect.DelegatingMethodAccessorImpl.invoke(DelegatingMethodAccessorImpl.java:43)
	at java.base/java.lang.reflect.Method.invoke(Method.java:568)
	at org.springframework.util.ReflectionUtils.invokeMethod(ReflectionUtils.java:281)
	at org.springframework.cloud.context.scope.GenericScope$LockedScopedProxyFactoryBean.invoke(GenericScope.java:482)
	at org.springframework.aop.framework.ReflectiveMethodInvocation.proceed(ReflectiveMethodInvocation.java:184)
	at org.springframework.aop.framework.CglibAopProxy$CglibMethodInvocation.proceed(CglibAopProxy.java:768)
	at org.springframework.aop.framework.CglibAopProxy$DynamicAdvisedInterceptor.intercept(CglibAopProxy.java:720)
	at org.springframework.cloud.netflix.eureka.serviceregistry.EurekaRegistration$$SpringCGLIB$$0.getEurekaClient(<generated>)
	at org.springframework.cloud.netflix.eureka.serviceregistry.EurekaServiceRegistry.maybeInitializeClient(EurekaServiceRegistry.java:83)
	at org.springframework.cloud.netflix.eureka.serviceregistry.EurekaServiceRegistry.register(EurekaServiceRegistry.java:66)
	at org.springframework.cloud.netflix.eureka.serviceregistry.EurekaAutoServiceRegistration.start(EurekaAutoServiceRegistration.java:89)
	at org.springframework.context.support.DefaultLifecycleProcessor.doStart(DefaultLifecycleProcessor.java:285)
	at org.springframework.context.support.DefaultLifecycleProcessor$LifecycleGroup.start(DefaultLifecycleProcessor.java:472)
	at java.base/java.lang.Iterable.forEach(Iterable.java:75)
	at org.springframework.context.support.DefaultLifecycleProcessor.startBeans(DefaultLifecycleProcessor.java:257)
	at org.springframework.context.support.DefaultLifecycleProcessor.onRefresh(DefaultLifecycleProcessor.java:202)
	at org.springframework.context.support.AbstractApplicationContext.finishRefresh(AbstractApplicationContext.java:990)
	at org.springframework.context.support.AbstractApplicationContext.refresh(AbstractApplicationContext.java:628)
	at org.springframework.boot.web.servlet.context.ServletWebServerApplicationContext.refresh(ServletWebServerApplicationContext.java:146)
	at org.springframework.boot.SpringApplication.refresh(SpringApplication.java:754)
	at org.springframework.boot.SpringApplication.refreshContext(SpringApplication.java:456)
	at org.springframework.boot.SpringApplication.run(SpringApplication.java:335)
	at org.springframework.boot.SpringApplication.run(SpringApplication.java:1363)
	at org.springframework.boot.SpringApplication.run(SpringApplication.java:1352)
	at com.adminservice.AdminServiceApplication.main(AdminServiceApplication.java:10)
Caused by: java.net.UnknownHostException: 알려진 호스트가 없습니다 (discovery-service)
	at java.base/java.net.Inet6AddressImpl.lookupAllHostAddr(Native Method)
	at java.base/java.net.InetAddress$PlatformNameService.lookupAllHostAddr(InetAddress.java:933)
	at java.base/java.net.InetAddress.getAddressesFromNameService(InetAddress.java:1519)
	at java.base/java.net.InetAddress$NameServiceAddresses.get(InetAddress.java:852)
	at java.base/java.net.InetAddress.getAllByName0(InetAddress.java:1509)
	at java.base/java.net.InetAddress.getAllByName(InetAddress.java:1367)
	at java.base/java.net.InetAddress.getAllByName(InetAddress.java:1301)
	at org.apache.hc.client5.http.SystemDefaultDnsResolver.resolve(SystemDefaultDnsResolver.java:45)
	at org.apache.hc.client5.http.impl.io.DefaultHttpClientConnectionOperator.connect(DefaultHttpClientConnectionOperator.java:144)
	at org.apache.hc.client5.http.impl.io.PoolingHttpClientConnectionManager.connect(PoolingHttpClientConnectionManager.java:450)
	at org.apache.hc.client5.http.impl.classic.InternalExecRuntime.connectEndpoint(InternalExecRuntime.java:162)
	at org.apache.hc.client5.http.impl.classic.InternalExecRuntime.connectEndpoint(InternalExecRuntime.java:172)
	at org.apache.hc.client5.http.impl.classic.ConnectExec.execute(ConnectExec.java:142)
	at org.apache.hc.client5.http.impl.classic.ExecChainElement.execute(ExecChainElement.java:51)
	at org.apache.hc.client5.http.impl.classic.ProtocolExec.execute(ProtocolExec.java:192)
	at org.apache.hc.client5.http.impl.classic.ExecChainElement.execute(ExecChainElement.java:51)
	at org.apache.hc.client5.http.impl.classic.HttpRequestRetryExec.execute(HttpRequestRetryExec.java:113)
	at org.apache.hc.client5.http.impl.classic.ExecChainElement.execute(ExecChainElement.java:51)
	at org.apache.hc.client5.http.impl.classic.ContentCompressionExec.execute(ContentCompressionExec.java:152)
	at org.apache.hc.client5.http.impl.classic.ExecChainElement.execute(ExecChainElement.java:51)
	at org.apache.hc.client5.http.impl.classic.RedirectExec.execute(RedirectExec.java:116)
	at org.apache.hc.client5.http.impl.classic.ExecChainElement.execute(ExecChainElement.java:51)
	at org.apache.hc.client5.http.impl.classic.InternalHttpClient.doExecute(InternalHttpClient.java:170)
	at org.apache.hc.client5.http.impl.classic.CloseableHttpClient.execute(CloseableHttpClient.java:87)
	at org.apache.hc.client5.http.impl.classic.CloseableHttpClient.execute(CloseableHttpClient.java:55)
	at org.apache.hc.client5.http.classic.HttpClient.executeOpen(HttpClient.java:183)
	at org.springframework.http.client.HttpComponentsClientHttpRequest.executeInternal(HttpComponentsClientHttpRequest.java:99)
	at org.springframework.http.client.AbstractStreamingClientHttpRequest.executeInternal(AbstractStreamingClientHttpRequest.java:70)
	at org.springframework.http.client.AbstractClientHttpRequest.execute(AbstractClientHttpRequest.java:66)
	at org.springframework.http.client.InterceptingClientHttpRequest$InterceptingRequestExecution.execute(InterceptingClientHttpRequest.java:112)
	at org.springframework.cloud.netflix.eureka.http.RestTemplateTransportClientFactory.lambda$restTemplate$3(RestTemplateTransportClientFactory.java:170)
	at org.springframework.http.client.InterceptingClientHttpRequest$InterceptingRequestExecution.execute(InterceptingClientHttpRequest.java:88)
	at org.springframework.http.client.InterceptingClientHttpRequest.executeInternal(InterceptingClientHttpRequest.java:72)
	at org.springframework.http.client.AbstractBufferingClientHttpRequest.executeInternal(AbstractBufferingClientHttpRequest.java:48)
	at org.springframework.http.client.AbstractClientHttpRequest.execute(AbstractClientHttpRequest.java:66)
	at org.springframework.web.client.RestTemplate.doExecute(RestTemplate.java:889)
	... 67 more
"}
{"@timestamp":"2024-10-31T18:48:48.691+0900", "level":"WARN", "service":"admin-service", "trace": "", "span": "", "thread":"main", "logger":"com.netflix.discovery.shared.transport.decorator.RetryableEurekaHttpClient", "message":"Request execution failed with message: I/O error on GET request for "http://discovery-service:8761/eureka/apps/": 알려진 호스트가 없습니다 (discovery-service)"}
{"@timestamp":"2024-10-31T18:48:48.691+0900", "level":"INFO", "service":"admin-service", "trace": "", "span": "", "thread":"main", "logger":"com.netflix.discovery.DiscoveryClient", "message":"DiscoveryClient_ADMIN-SERVICE/admin-service:8083 - was unable to refresh its cache! This periodic background refresh will be retried in 30 seconds. status = Cannot execute request on any known server stacktrace = com.netflix.discovery.shared.transport.TransportException: Cannot execute request on any known server
	at com.netflix.discovery.shared.transport.decorator.RetryableEurekaHttpClient.execute(RetryableEurekaHttpClient.java:112)
	at com.netflix.discovery.shared.transport.decorator.EurekaHttpClientDecorator.getApplications(EurekaHttpClientDecorator.java:134)
	at com.netflix.discovery.shared.transport.decorator.EurekaHttpClientDecorator$6.execute(EurekaHttpClientDecorator.java:137)
	at com.netflix.discovery.shared.transport.decorator.SessionedEurekaHttpClient.execute(SessionedEurekaHttpClient.java:76)
	at com.netflix.discovery.shared.transport.decorator.EurekaHttpClientDecorator.getApplications(EurekaHttpClientDecorator.java:134)
	at com.netflix.discovery.DiscoveryClient.getAndStoreFullRegistry(DiscoveryClient.java:1046)
	at com.netflix.discovery.DiscoveryClient.fetchRegistry(DiscoveryClient.java:961)
	at com.netflix.discovery.DiscoveryClient.<init>(DiscoveryClient.java:410)
	at com.netflix.discovery.DiscoveryClient.<init>(DiscoveryClient.java:245)
	at com.netflix.discovery.DiscoveryClient.<init>(DiscoveryClient.java:240)
	at org.springframework.cloud.netflix.eureka.CloudEurekaClient.<init>(CloudEurekaClient.java:68)
	at org.springframework.cloud.netflix.eureka.EurekaClientAutoConfiguration$RefreshableEurekaClientConfiguration.eurekaClient(EurekaClientAutoConfiguration.java:321)
	at java.base/jdk.internal.reflect.NativeMethodAccessorImpl.invoke0(Native Method)
	at java.base/jdk.internal.reflect.NativeMethodAccessorImpl.invoke(NativeMethodAccessorImpl.java:77)
	at java.base/jdk.internal.reflect.DelegatingMethodAccessorImpl.invoke(DelegatingMethodAccessorImpl.java:43)
	at java.base/java.lang.reflect.Method.invoke(Method.java:568)
	at org.springframework.beans.factory.support.SimpleInstantiationStrategy.instantiate(SimpleInstantiationStrategy.java:146)
	at org.springframework.beans.factory.support.ConstructorResolver.instantiate(ConstructorResolver.java:644)
	at org.springframework.beans.factory.support.ConstructorResolver.instantiateUsingFactoryMethod(ConstructorResolver.java:636)
	at org.springframework.beans.factory.support.AbstractAutowireCapableBeanFactory.instantiateUsingFactoryMethod(AbstractAutowireCapableBeanFactory.java:1355)
	at org.springframework.beans.factory.support.AbstractAutowireCapableBeanFactory.createBeanInstance(AbstractAutowireCapableBeanFactory.java:1185)
	at org.springframework.beans.factory.support.AbstractAutowireCapableBeanFactory.doCreateBean(AbstractAutowireCapableBeanFactory.java:562)
	at org.springframework.beans.factory.support.AbstractAutowireCapableBeanFactory.createBean(AbstractAutowireCapableBeanFactory.java:522)
	at org.springframework.beans.factory.support.AbstractBeanFactory.lambda$doGetBean$1(AbstractBeanFactory.java:376)
	at org.springframework.cloud.context.scope.GenericScope$BeanLifecycleWrapper.getBean(GenericScope.java:375)
	at org.springframework.cloud.context.scope.GenericScope.get(GenericScope.java:179)
	at org.springframework.beans.factory.support.AbstractBeanFactory.doGetBean(AbstractBeanFactory.java:373)
	at org.springframework.beans.factory.support.AbstractBeanFactory.getBean(AbstractBeanFactory.java:200)
	at org.springframework.aop.target.SimpleBeanTargetSource.getTarget(SimpleBeanTargetSource.java:35)
	at org.springframework.cloud.netflix.eureka.serviceregistry.EurekaRegistration.getTargetObject(EurekaRegistration.java:128)
	at org.springframework.cloud.netflix.eureka.serviceregistry.EurekaRegistration.getEurekaClient(EurekaRegistration.java:116)
	at java.base/jdk.internal.reflect.NativeMethodAccessorImpl.invoke0(Native Method)
	at java.base/jdk.internal.reflect.NativeMethodAccessorImpl.invoke(NativeMethodAccessorImpl.java:77)
	at java.base/jdk.internal.reflect.DelegatingMethodAccessorImpl.invoke(DelegatingMethodAccessorImpl.java:43)
	at java.base/java.lang.reflect.Method.invoke(Method.java:568)
	at org.springframework.util.ReflectionUtils.invokeMethod(ReflectionUtils.java:281)
	at org.springframework.cloud.context.scope.GenericScope$LockedScopedProxyFactoryBean.invoke(GenericScope.java:482)
	at org.springframework.aop.framework.ReflectiveMethodInvocation.proceed(ReflectiveMethodInvocation.java:184)
	at org.springframework.aop.framework.CglibAopProxy$CglibMethodInvocation.proceed(CglibAopProxy.java:768)
	at org.springframework.aop.framework.CglibAopProxy$DynamicAdvisedInterceptor.intercept(CglibAopProxy.java:720)
	at org.springframework.cloud.netflix.eureka.serviceregistry.EurekaRegistration$$SpringCGLIB$$0.getEurekaClient(<generated>)
	at org.springframework.cloud.netflix.eureka.serviceregistry.EurekaServiceRegistry.maybeInitializeClient(EurekaServiceRegistry.java:83)
	at org.springframework.cloud.netflix.eureka.serviceregistry.EurekaServiceRegistry.register(EurekaServiceRegistry.java:66)
	at org.springframework.cloud.netflix.eureka.serviceregistry.EurekaAutoServiceRegistration.start(EurekaAutoServiceRegistration.java:89)
	at org.springframework.context.support.DefaultLifecycleProcessor.doStart(DefaultLifecycleProcessor.java:285)
	at org.springframework.context.support.DefaultLifecycleProcessor$LifecycleGroup.start(DefaultLifecycleProcessor.java:472)
	at java.base/java.lang.Iterable.forEach(Iterable.java:75)
	at org.springframework.context.support.DefaultLifecycleProcessor.startBeans(DefaultLifecycleProcessor.java:257)
	at org.springframework.context.support.DefaultLifecycleProcessor.onRefresh(DefaultLifecycleProcessor.java:202)
	at org.springframework.context.support.AbstractApplicationContext.finishRefresh(AbstractApplicationContext.java:990)
	at org.springframework.context.support.AbstractApplicationContext.refresh(AbstractApplicationContext.java:628)
	at org.springframework.boot.web.servlet.context.ServletWebServerApplicationContext.refresh(ServletWebServerApplicationContext.java:146)
	at org.springframework.boot.SpringApplication.refresh(SpringApplication.java:754)
	at org.springframework.boot.SpringApplication.refreshContext(SpringApplication.java:456)
	at org.springframework.boot.SpringApplication.run(SpringApplication.java:335)
	at org.springframework.boot.SpringApplication.run(SpringApplication.java:1363)
	at org.springframework.boot.SpringApplication.run(SpringApplication.java:1352)
	at com.adminservice.AdminServiceApplication.main(AdminServiceApplication.java:10)
"}
{"@timestamp":"2024-10-31T18:48:48.691+0900", "level":"INFO", "service":"admin-service", "trace": "", "span": "", "thread":"main", "logger":"com.netflix.discovery.DiscoveryClient", "message":"Initial registry fetch from primary servers failed"}
{"@timestamp":"2024-10-31T18:48:48.692+0900", "level":"WARN", "service":"admin-service", "trace": "", "span": "", "thread":"main", "logger":"com.netflix.discovery.DiscoveryClient", "message":"Using default backup registry implementation which does not do anything."}
{"@timestamp":"2024-10-31T18:48:48.692+0900", "level":"INFO", "service":"admin-service", "trace": "", "span": "", "thread":"main", "logger":"com.netflix.discovery.DiscoveryClient", "message":"Initial registry fetch from backup servers failed"}
{"@timestamp":"2024-10-31T18:48:48.692+0900", "level":"INFO", "service":"admin-service", "trace": "", "span": "", "thread":"main", "logger":"com.netflix.discovery.DiscoveryClient", "message":"Starting heartbeat executor: renew interval is: 30"}
{"@timestamp":"2024-10-31T18:48:48.694+0900", "level":"INFO", "service":"admin-service", "trace": "", "span": "", "thread":"main", "logger":"com.netflix.discovery.InstanceInfoReplicator", "message":"InstanceInfoReplicator onDemand update allowed rate per min is 4"}
{"@timestamp":"2024-10-31T18:48:48.695+0900", "level":"INFO", "service":"admin-service", "trace": "", "span": "", "thread":"main", "logger":"com.netflix.discovery.DiscoveryClient", "message":"Discovery Client initialized at timestamp 1730368128695 with initial instances count: 0"}
{"@timestamp":"2024-10-31T18:48:48.697+0900", "level":"INFO", "service":"admin-service", "trace": "", "span": "", "thread":"main", "logger":"org.springframework.cloud.netflix.eureka.serviceregistry.EurekaServiceRegistry", "message":"Registering application ADMIN-SERVICE with eureka with status UP"}
{"@timestamp":"2024-10-31T18:48:48.698+0900", "level":"INFO", "service":"admin-service", "trace": "", "span": "", "thread":"main", "logger":"com.netflix.discovery.DiscoveryClient", "message":"Saw local status change event StatusChangeEvent [timestamp=1730368128698, current=UP, previous=STARTING]"}
{"@timestamp":"2024-10-31T18:48:48.700+0900", "level":"INFO", "service":"admin-service", "trace": "", "span": "", "thread":"DiscoveryClient-InstanceInfoReplicator-%d", "logger":"com.netflix.discovery.DiscoveryClient", "message":"DiscoveryClient_ADMIN-SERVICE/admin-service:8083: registering service..."}
{"@timestamp":"2024-10-31T18:48:48.714+0900", "level":"INFO", "service":"admin-service", "trace": "", "span": "", "thread":"main", "logger":"org.springframework.boot.web.embedded.tomcat.TomcatWebServer", "message":"Tomcat started on port 8083 (http) with context path '/'"}
{"@timestamp":"2024-10-31T18:48:48.714+0900", "level":"INFO", "service":"admin-service", "trace": "", "span": "", "thread":"main", "logger":"org.springframework.cloud.netflix.eureka.serviceregistry.EurekaAutoServiceRegistration", "message":"Updating port to 8083"}
{"@timestamp":"2024-10-31T18:48:48.729+0900", "level":"INFO", "service":"admin-service", "trace": "", "span": "", "thread":"DiscoveryClient-InstanceInfoReplicator-%d", "logger":"com.netflix.discovery.shared.transport.decorator.RedirectingEurekaHttpClient", "message":"Request execution error. endpoint=DefaultEndpoint{ serviceUrl='http://discovery-service:8761/eureka/}, exception=I/O error on POST request for "http://discovery-service:8761/eureka/apps/ADMIN-SERVICE": discovery-service stacktrace=org.springframework.web.client.ResourceAccessException: I/O error on POST request for "http://discovery-service:8761/eureka/apps/ADMIN-SERVICE": discovery-service
	at org.springframework.web.client.RestTemplate.createResourceAccessException(RestTemplate.java:915)
	at org.springframework.web.client.RestTemplate.doExecute(RestTemplate.java:895)
	at org.springframework.web.client.RestTemplate.execute(RestTemplate.java:790)
	at org.springframework.web.client.RestTemplate.exchange(RestTemplate.java:672)
	at org.springframework.cloud.netflix.eureka.http.RestTemplateEurekaHttpClient.register(RestTemplateEurekaHttpClient.java:77)
	at com.netflix.discovery.shared.transport.decorator.EurekaHttpClientDecorator$1.execute(EurekaHttpClientDecorator.java:59)
	at com.netflix.discovery.shared.transport.decorator.RedirectingEurekaHttpClient.executeOnNewServer(RedirectingEurekaHttpClient.java:121)
	at com.netflix.discovery.shared.transport.decorator.RedirectingEurekaHttpClient.execute(RedirectingEurekaHttpClient.java:80)
	at com.netflix.discovery.shared.transport.decorator.EurekaHttpClientDecorator.register(EurekaHttpClientDecorator.java:56)
	at com.netflix.discovery.shared.transport.decorator.EurekaHttpClientDecorator$1.execute(EurekaHttpClientDecorator.java:59)
	at com.netflix.discovery.shared.transport.decorator.RetryableEurekaHttpClient.execute(RetryableEurekaHttpClient.java:120)
	at com.netflix.discovery.shared.transport.decorator.EurekaHttpClientDecorator.register(EurekaHttpClientDecorator.java:56)
	at com.netflix.discovery.shared.transport.decorator.EurekaHttpClientDecorator$1.execute(EurekaHttpClientDecorator.java:59)
	at com.netflix.discovery.shared.transport.decorator.SessionedEurekaHttpClient.execute(SessionedEurekaHttpClient.java:76)
	at com.netflix.discovery.shared.transport.decorator.EurekaHttpClientDecorator.register(EurekaHttpClientDecorator.java:56)
	at com.netflix.discovery.DiscoveryClient.register(DiscoveryClient.java:828)
	at com.netflix.discovery.InstanceInfoReplicator.run(InstanceInfoReplicator.java:125)
	at com.netflix.discovery.InstanceInfoReplicator$2.run(InstanceInfoReplicator.java:105)
	at java.base/java.util.concurrent.Executors$RunnableAdapter.call(Executors.java:539)
	at java.base/java.util.concurrent.FutureTask.run(FutureTask.java:264)
	at java.base/java.util.concurrent.ScheduledThreadPoolExecutor$ScheduledFutureTask.run(ScheduledThreadPoolExecutor.java:304)
	at java.base/java.util.concurrent.ThreadPoolExecutor.runWorker(ThreadPoolExecutor.java:1136)
	at java.base/java.util.concurrent.ThreadPoolExecutor$Worker.run(ThreadPoolExecutor.java:635)
	at java.base/java.lang.Thread.run(Thread.java:833)
Caused by: java.net.UnknownHostException: discovery-service
	at java.base/java.net.InetAddress$CachedAddresses.get(InetAddress.java:801)
	at java.base/java.net.InetAddress.getAllByName0(InetAddress.java:1509)
	at java.base/java.net.InetAddress.getAllByName(InetAddress.java:1367)
	at java.base/java.net.InetAddress.getAllByName(InetAddress.java:1301)
	at org.apache.hc.client5.http.SystemDefaultDnsResolver.resolve(SystemDefaultDnsResolver.java:45)
	at org.apache.hc.client5.http.impl.io.DefaultHttpClientConnectionOperator.connect(DefaultHttpClientConnectionOperator.java:144)
	at org.apache.hc.client5.http.impl.io.PoolingHttpClientConnectionManager.connect(PoolingHttpClientConnectionManager.java:450)
	at org.apache.hc.client5.http.impl.classic.InternalExecRuntime.connectEndpoint(InternalExecRuntime.java:162)
	at org.apache.hc.client5.http.impl.classic.InternalExecRuntime.connectEndpoint(InternalExecRuntime.java:172)
	at org.apache.hc.client5.http.impl.classic.ConnectExec.execute(ConnectExec.java:142)
	at org.apache.hc.client5.http.impl.classic.ExecChainElement.execute(ExecChainElement.java:51)
	at org.apache.hc.client5.http.impl.classic.ProtocolExec.execute(ProtocolExec.java:192)
	at org.apache.hc.client5.http.impl.classic.ExecChainElement.execute(ExecChainElement.java:51)
	at org.apache.hc.client5.http.impl.classic.HttpRequestRetryExec.execute(HttpRequestRetryExec.java:113)
	at org.apache.hc.client5.http.impl.classic.ExecChainElement.execute(ExecChainElement.java:51)
	at org.apache.hc.client5.http.impl.classic.ContentCompressionExec.execute(ContentCompressionExec.java:152)
	at org.apache.hc.client5.http.impl.classic.ExecChainElement.execute(ExecChainElement.java:51)
	at org.apache.hc.client5.http.impl.classic.RedirectExec.execute(RedirectExec.java:116)
	at org.apache.hc.client5.http.impl.classic.ExecChainElement.execute(ExecChainElement.java:51)
	at org.apache.hc.client5.http.impl.classic.InternalHttpClient.doExecute(InternalHttpClient.java:170)
	at org.apache.hc.client5.http.impl.classic.CloseableHttpClient.execute(CloseableHttpClient.java:87)
	at org.apache.hc.client5.http.impl.classic.CloseableHttpClient.execute(CloseableHttpClient.java:55)
	at org.apache.hc.client5.http.classic.HttpClient.executeOpen(HttpClient.java:183)
	at org.springframework.http.client.HttpComponentsClientHttpRequest.executeInternal(HttpComponentsClientHttpRequest.java:99)
	at org.springframework.http.client.AbstractStreamingClientHttpRequest.executeInternal(AbstractStreamingClientHttpRequest.java:70)
	at org.springframework.http.client.AbstractClientHttpRequest.execute(AbstractClientHttpRequest.java:66)
	at org.springframework.http.client.InterceptingClientHttpRequest$InterceptingRequestExecution.execute(InterceptingClientHttpRequest.java:112)
	at org.springframework.cloud.netflix.eureka.http.RestTemplateTransportClientFactory.lambda$restTemplate$3(RestTemplateTransportClientFactory.java:170)
	at org.springframework.http.client.InterceptingClientHttpRequest$InterceptingRequestExecution.execute(InterceptingClientHttpRequest.java:88)
	at org.springframework.http.client.InterceptingClientHttpRequest.executeInternal(InterceptingClientHttpRequest.java:72)
	at org.springframework.http.client.AbstractBufferingClientHttpRequest.executeInternal(AbstractBufferingClientHttpRequest.java:48)
	at org.springframework.http.client.AbstractClientHttpRequest.execute(AbstractClientHttpRequest.java:66)
	at org.springframework.web.client.RestTemplate.doExecute(RestTemplate.java:889)
	... 22 more
"}
{"@timestamp":"2024-10-31T18:48:48.729+0900", "level":"WARN", "service":"admin-service", "trace": "", "span": "", "thread":"DiscoveryClient-InstanceInfoReplicator-%d", "logger":"com.netflix.discovery.shared.transport.decorator.RetryableEurekaHttpClient", "message":"Request execution failed with message: I/O error on POST request for "http://discovery-service:8761/eureka/apps/ADMIN-SERVICE": discovery-service"}
{"@timestamp":"2024-10-31T18:48:48.729+0900", "level":"WARN", "service":"admin-service", "trace": "", "span": "", "thread":"DiscoveryClient-InstanceInfoReplicator-%d", "logger":"com.netflix.discovery.DiscoveryClient", "message":"DiscoveryClient_ADMIN-SERVICE/admin-service:8083 - registration failed Cannot execute request on any known server"}
com.netflix.discovery.shared.transport.TransportException: Cannot execute request on any known server
	at com.netflix.discovery.shared.transport.decorator.RetryableEurekaHttpClient.execute(RetryableEurekaHttpClient.java:112)
	at com.netflix.discovery.shared.transport.decorator.EurekaHttpClientDecorator.register(EurekaHttpClientDecorator.java:56)
	at com.netflix.discovery.shared.transport.decorator.EurekaHttpClientDecorator$1.execute(EurekaHttpClientDecorator.java:59)
	at com.netflix.discovery.shared.transport.decorator.SessionedEurekaHttpClient.execute(SessionedEurekaHttpClient.java:76)
	at com.netflix.discovery.shared.transport.decorator.EurekaHttpClientDecorator.register(EurekaHttpClientDecorator.java:56)
	at com.netflix.discovery.DiscoveryClient.register(DiscoveryClient.java:828)
	at com.netflix.discovery.InstanceInfoReplicator.run(InstanceInfoReplicator.java:125)
	at com.netflix.discovery.InstanceInfoReplicator$2.run(InstanceInfoReplicator.java:105)
	at java.base/java.util.concurrent.Executors$RunnableAdapter.call(Executors.java:539)
	at java.base/java.util.concurrent.FutureTask.run(FutureTask.java:264)
	at java.base/java.util.concurrent.ScheduledThreadPoolExecutor$ScheduledFutureTask.run(ScheduledThreadPoolExecutor.java:304)
	at java.base/java.util.concurrent.ThreadPoolExecutor.runWorker(ThreadPoolExecutor.java:1136)
	at java.base/java.util.concurrent.ThreadPoolExecutor$Worker.run(ThreadPoolExecutor.java:635)
	at java.base/java.lang.Thread.run(Thread.java:833)
{"@timestamp":"2024-10-31T18:48:48.732+0900", "level":"WARN", "service":"admin-service", "trace": "", "span": "", "thread":"DiscoveryClient-InstanceInfoReplicator-%d", "logger":"com.netflix.discovery.InstanceInfoReplicator", "message":"There was a problem with the instance info replicator"}
com.netflix.discovery.shared.transport.TransportException: Cannot execute request on any known server
	at com.netflix.discovery.shared.transport.decorator.RetryableEurekaHttpClient.execute(RetryableEurekaHttpClient.java:112)
	at com.netflix.discovery.shared.transport.decorator.EurekaHttpClientDecorator.register(EurekaHttpClientDecorator.java:56)
	at com.netflix.discovery.shared.transport.decorator.EurekaHttpClientDecorator$1.execute(EurekaHttpClientDecorator.java:59)
	at com.netflix.discovery.shared.transport.decorator.SessionedEurekaHttpClient.execute(SessionedEurekaHttpClient.java:76)
	at com.netflix.discovery.shared.transport.decorator.EurekaHttpClientDecorator.register(EurekaHttpClientDecorator.java:56)
	at com.netflix.discovery.DiscoveryClient.register(DiscoveryClient.java:828)
	at com.netflix.discovery.InstanceInfoReplicator.run(InstanceInfoReplicator.java:125)
	at com.netflix.discovery.InstanceInfoReplicator$2.run(InstanceInfoReplicator.java:105)
	at java.base/java.util.concurrent.Executors$RunnableAdapter.call(Executors.java:539)
	at java.base/java.util.concurrent.FutureTask.run(FutureTask.java:264)
	at java.base/java.util.concurrent.ScheduledThreadPoolExecutor$ScheduledFutureTask.run(ScheduledThreadPoolExecutor.java:304)
	at java.base/java.util.concurrent.ThreadPoolExecutor.runWorker(ThreadPoolExecutor.java:1136)
	at java.base/java.util.concurrent.ThreadPoolExecutor$Worker.run(ThreadPoolExecutor.java:635)
	at java.base/java.lang.Thread.run(Thread.java:833)
{"@timestamp":"2024-10-31T18:48:49.186+0900", "level":"INFO", "service":"admin-service", "trace": "", "span": "", "thread":"main", "logger":"com.adminservice.AdminServiceApplication", "message":"Started AdminServiceApplication in 9.895 seconds (process running for 12.86)"}
{"@timestamp":"2024-10-31T18:48:53.021+0900", "level":"INFO", "service":"admin-service", "trace": "", "span": "", "thread":"SpringApplicationShutdownHook", "logger":"org.springframework.cloud.netflix.eureka.serviceregistry.EurekaServiceRegistry", "message":"Unregistering application ADMIN-SERVICE with eureka with status DOWN"}
{"@timestamp":"2024-10-31T18:48:53.021+0900", "level":"INFO", "service":"admin-service", "trace": "", "span": "", "thread":"SpringApplicationShutdownHook", "logger":"com.netflix.discovery.DiscoveryClient", "message":"Saw local status change event StatusChangeEvent [timestamp=1730368133021, current=DOWN, previous=UP]"}
{"@timestamp":"2024-10-31T18:48:53.021+0900", "level":"INFO", "service":"admin-service", "trace": "", "span": "", "thread":"DiscoveryClient-InstanceInfoReplicator-%d", "logger":"com.netflix.discovery.DiscoveryClient", "message":"DiscoveryClient_ADMIN-SERVICE/admin-service:8083: registering service..."}
{"@timestamp":"2024-10-31T18:48:53.031+0900", "level":"INFO", "service":"admin-service", "trace": "", "span": "", "thread":"DiscoveryClient-InstanceInfoReplicator-%d", "logger":"com.netflix.discovery.shared.transport.decorator.RedirectingEurekaHttpClient", "message":"Request execution error. endpoint=DefaultEndpoint{ serviceUrl='http://discovery-service:8761/eureka/}, exception=I/O error on POST request for "http://discovery-service:8761/eureka/apps/ADMIN-SERVICE": discovery-service stacktrace=org.springframework.web.client.ResourceAccessException: I/O error on POST request for "http://discovery-service:8761/eureka/apps/ADMIN-SERVICE": discovery-service
	at org.springframework.web.client.RestTemplate.createResourceAccessException(RestTemplate.java:915)
	at org.springframework.web.client.RestTemplate.doExecute(RestTemplate.java:895)
	at org.springframework.web.client.RestTemplate.execute(RestTemplate.java:790)
	at org.springframework.web.client.RestTemplate.exchange(RestTemplate.java:672)
	at org.springframework.cloud.netflix.eureka.http.RestTemplateEurekaHttpClient.register(RestTemplateEurekaHttpClient.java:77)
	at com.netflix.discovery.shared.transport.decorator.EurekaHttpClientDecorator$1.execute(EurekaHttpClientDecorator.java:59)
	at com.netflix.discovery.shared.transport.decorator.RedirectingEurekaHttpClient.executeOnNewServer(RedirectingEurekaHttpClient.java:121)
	at com.netflix.discovery.shared.transport.decorator.RedirectingEurekaHttpClient.execute(RedirectingEurekaHttpClient.java:80)
	at com.netflix.discovery.shared.transport.decorator.EurekaHttpClientDecorator.register(EurekaHttpClientDecorator.java:56)
	at com.netflix.discovery.shared.transport.decorator.EurekaHttpClientDecorator$1.execute(EurekaHttpClientDecorator.java:59)
	at com.netflix.discovery.shared.transport.decorator.RetryableEurekaHttpClient.execute(RetryableEurekaHttpClient.java:120)
	at com.netflix.discovery.shared.transport.decorator.EurekaHttpClientDecorator.register(EurekaHttpClientDecorator.java:56)
	at com.netflix.discovery.shared.transport.decorator.EurekaHttpClientDecorator$1.execute(EurekaHttpClientDecorator.java:59)
	at com.netflix.discovery.shared.transport.decorator.SessionedEurekaHttpClient.execute(SessionedEurekaHttpClient.java:76)
	at com.netflix.discovery.shared.transport.decorator.EurekaHttpClientDecorator.register(EurekaHttpClientDecorator.java:56)
	at com.netflix.discovery.DiscoveryClient.register(DiscoveryClient.java:828)
	at com.netflix.discovery.InstanceInfoReplicator.run(InstanceInfoReplicator.java:125)
	at com.netflix.discovery.InstanceInfoReplicator$2.run(InstanceInfoReplicator.java:105)
	at java.base/java.util.concurrent.Executors$RunnableAdapter.call(Executors.java:539)
	at java.base/java.util.concurrent.FutureTask.run(FutureTask.java:264)
	at java.base/java.util.concurrent.ScheduledThreadPoolExecutor$ScheduledFutureTask.run(ScheduledThreadPoolExecutor.java:304)
	at java.base/java.util.concurrent.ThreadPoolExecutor.runWorker(ThreadPoolExecutor.java:1136)
	at java.base/java.util.concurrent.ThreadPoolExecutor$Worker.run(ThreadPoolExecutor.java:635)
	at java.base/java.lang.Thread.run(Thread.java:833)
Caused by: java.net.UnknownHostException: discovery-service
	at java.base/java.net.InetAddress$CachedAddresses.get(InetAddress.java:801)
	at java.base/java.net.InetAddress.getAllByName0(InetAddress.java:1509)
	at java.base/java.net.InetAddress.getAllByName(InetAddress.java:1367)
	at java.base/java.net.InetAddress.getAllByName(InetAddress.java:1301)
	at org.apache.hc.client5.http.SystemDefaultDnsResolver.resolve(SystemDefaultDnsResolver.java:45)
	at org.apache.hc.client5.http.impl.io.DefaultHttpClientConnectionOperator.connect(DefaultHttpClientConnectionOperator.java:144)
	at org.apache.hc.client5.http.impl.io.PoolingHttpClientConnectionManager.connect(PoolingHttpClientConnectionManager.java:450)
	at org.apache.hc.client5.http.impl.classic.InternalExecRuntime.connectEndpoint(InternalExecRuntime.java:162)
	at org.apache.hc.client5.http.impl.classic.InternalExecRuntime.connectEndpoint(InternalExecRuntime.java:172)
	at org.apache.hc.client5.http.impl.classic.ConnectExec.execute(ConnectExec.java:142)
	at org.apache.hc.client5.http.impl.classic.ExecChainElement.execute(ExecChainElement.java:51)
	at org.apache.hc.client5.http.impl.classic.ProtocolExec.execute(ProtocolExec.java:192)
	at org.apache.hc.client5.http.impl.classic.ExecChainElement.execute(ExecChainElement.java:51)
	at org.apache.hc.client5.http.impl.classic.HttpRequestRetryExec.execute(HttpRequestRetryExec.java:113)
	at org.apache.hc.client5.http.impl.classic.ExecChainElement.execute(ExecChainElement.java:51)
	at org.apache.hc.client5.http.impl.classic.ContentCompressionExec.execute(ContentCompressionExec.java:152)
	at org.apache.hc.client5.http.impl.classic.ExecChainElement.execute(ExecChainElement.java:51)
	at org.apache.hc.client5.http.impl.classic.RedirectExec.execute(RedirectExec.java:116)
	at org.apache.hc.client5.http.impl.classic.ExecChainElement.execute(ExecChainElement.java:51)
	at org.apache.hc.client5.http.impl.classic.InternalHttpClient.doExecute(InternalHttpClient.java:170)
	at org.apache.hc.client5.http.impl.classic.CloseableHttpClient.execute(CloseableHttpClient.java:87)
	at org.apache.hc.client5.http.impl.classic.CloseableHttpClient.execute(CloseableHttpClient.java:55)
	at org.apache.hc.client5.http.classic.HttpClient.executeOpen(HttpClient.java:183)
	at org.springframework.http.client.HttpComponentsClientHttpRequest.executeInternal(HttpComponentsClientHttpRequest.java:99)
	at org.springframework.http.client.AbstractStreamingClientHttpRequest.executeInternal(AbstractStreamingClientHttpRequest.java:70)
	at org.springframework.http.client.AbstractClientHttpRequest.execute(AbstractClientHttpRequest.java:66)
	at org.springframework.http.client.InterceptingClientHttpRequest$InterceptingRequestExecution.execute(InterceptingClientHttpRequest.java:112)
	at org.springframework.cloud.netflix.eureka.http.RestTemplateTransportClientFactory.lambda$restTemplate$3(RestTemplateTransportClientFactory.java:170)
	at org.springframework.http.client.InterceptingClientHttpRequest$InterceptingRequestExecution.execute(InterceptingClientHttpRequest.java:88)
	at org.springframework.http.client.InterceptingClientHttpRequest.executeInternal(InterceptingClientHttpRequest.java:72)
	at org.springframework.http.client.AbstractBufferingClientHttpRequest.executeInternal(AbstractBufferingClientHttpRequest.java:48)
	at org.springframework.http.client.AbstractClientHttpRequest.execute(AbstractClientHttpRequest.java:66)
	at org.springframework.web.client.RestTemplate.doExecute(RestTemplate.java:889)
	... 22 more
"}
{"@timestamp":"2024-10-31T18:48:53.032+0900", "level":"WARN", "service":"admin-service", "trace": "", "span": "", "thread":"DiscoveryClient-InstanceInfoReplicator-%d", "logger":"com.netflix.discovery.shared.transport.decorator.RetryableEurekaHttpClient", "message":"Request execution failed with message: I/O error on POST request for "http://discovery-service:8761/eureka/apps/ADMIN-SERVICE": discovery-service"}
{"@timestamp":"2024-10-31T18:48:53.032+0900", "level":"WARN", "service":"admin-service", "trace": "", "span": "", "thread":"DiscoveryClient-InstanceInfoReplicator-%d", "logger":"com.netflix.discovery.DiscoveryClient", "message":"DiscoveryClient_ADMIN-SERVICE/admin-service:8083 - registration failed Cannot execute request on any known server"}
com.netflix.discovery.shared.transport.TransportException: Cannot execute request on any known server
	at com.netflix.discovery.shared.transport.decorator.RetryableEurekaHttpClient.execute(RetryableEurekaHttpClient.java:112)
	at com.netflix.discovery.shared.transport.decorator.EurekaHttpClientDecorator.register(EurekaHttpClientDecorator.java:56)
	at com.netflix.discovery.shared.transport.decorator.EurekaHttpClientDecorator$1.execute(EurekaHttpClientDecorator.java:59)
	at com.netflix.discovery.shared.transport.decorator.SessionedEurekaHttpClient.execute(SessionedEurekaHttpClient.java:76)
	at com.netflix.discovery.shared.transport.decorator.EurekaHttpClientDecorator.register(EurekaHttpClientDecorator.java:56)
	at com.netflix.discovery.DiscoveryClient.register(DiscoveryClient.java:828)
	at com.netflix.discovery.InstanceInfoReplicator.run(InstanceInfoReplicator.java:125)
	at com.netflix.discovery.InstanceInfoReplicator$2.run(InstanceInfoReplicator.java:105)
	at java.base/java.util.concurrent.Executors$RunnableAdapter.call(Executors.java:539)
	at java.base/java.util.concurrent.FutureTask.run(FutureTask.java:264)
	at java.base/java.util.concurrent.ScheduledThreadPoolExecutor$ScheduledFutureTask.run(ScheduledThreadPoolExecutor.java:304)
	at java.base/java.util.concurrent.ThreadPoolExecutor.runWorker(ThreadPoolExecutor.java:1136)
	at java.base/java.util.concurrent.ThreadPoolExecutor$Worker.run(ThreadPoolExecutor.java:635)
	at java.base/java.lang.Thread.run(Thread.java:833)
{"@timestamp":"2024-10-31T18:48:53.032+0900", "level":"WARN", "service":"admin-service", "trace": "", "span": "", "thread":"DiscoveryClient-InstanceInfoReplicator-%d", "logger":"com.netflix.discovery.InstanceInfoReplicator", "message":"There was a problem with the instance info replicator"}
com.netflix.discovery.shared.transport.TransportException: Cannot execute request on any known server
	at com.netflix.discovery.shared.transport.decorator.RetryableEurekaHttpClient.execute(RetryableEurekaHttpClient.java:112)
	at com.netflix.discovery.shared.transport.decorator.EurekaHttpClientDecorator.register(EurekaHttpClientDecorator.java:56)
	at com.netflix.discovery.shared.transport.decorator.EurekaHttpClientDecorator$1.execute(EurekaHttpClientDecorator.java:59)
	at com.netflix.discovery.shared.transport.decorator.SessionedEurekaHttpClient.execute(SessionedEurekaHttpClient.java:76)
	at com.netflix.discovery.shared.transport.decorator.EurekaHttpClientDecorator.register(EurekaHttpClientDecorator.java:56)
	at com.netflix.discovery.DiscoveryClient.register(DiscoveryClient.java:828)
	at com.netflix.discovery.InstanceInfoReplicator.run(InstanceInfoReplicator.java:125)
	at com.netflix.discovery.InstanceInfoReplicator$2.run(InstanceInfoReplicator.java:105)
	at java.base/java.util.concurrent.Executors$RunnableAdapter.call(Executors.java:539)
	at java.base/java.util.concurrent.FutureTask.run(FutureTask.java:264)
	at java.base/java.util.concurrent.ScheduledThreadPoolExecutor$ScheduledFutureTask.run(ScheduledThreadPoolExecutor.java:304)
	at java.base/java.util.concurrent.ThreadPoolExecutor.runWorker(ThreadPoolExecutor.java:1136)
	at java.base/java.util.concurrent.ThreadPoolExecutor$Worker.run(ThreadPoolExecutor.java:635)
	at java.base/java.lang.Thread.run(Thread.java:833)
{"@timestamp":"2024-10-31T18:48:53.982+0900", "level":"INFO", "service":"admin-service", "trace": "", "span": "", "thread":"SpringApplicationShutdownHook", "logger":"org.springframework.orm.jpa.LocalContainerEntityManagerFactoryBean", "message":"Closing JPA EntityManagerFactory for persistence unit 'default'"}
{"@timestamp":"2024-10-31T18:48:53.983+0900", "level":"INFO", "service":"admin-service", "trace": "", "span": "", "thread":"SpringApplicationShutdownHook", "logger":"com.zaxxer.hikari.HikariDataSource", "message":"HikariPool-1 - Shutdown initiated..."}
{"@timestamp":"2024-10-31T18:48:53.986+0900", "level":"INFO", "service":"admin-service", "trace": "", "span": "", "thread":"SpringApplicationShutdownHook", "logger":"com.zaxxer.hikari.HikariDataSource", "message":"HikariPool-1 - Shutdown completed."}
{"@timestamp":"2024-10-31T18:48:53.986+0900", "level":"INFO", "service":"admin-service", "trace": "", "span": "", "thread":"SpringApplicationShutdownHook", "logger":"com.netflix.discovery.DiscoveryClient", "message":"Shutting down DiscoveryClient ..."}
{"@timestamp":"2024-10-31T18:48:56.991+0900", "level":"INFO", "service":"admin-service", "trace": "", "span": "", "thread":"SpringApplicationShutdownHook", "logger":"com.netflix.discovery.DiscoveryClient", "message":"Unregistering ..."}
{"@timestamp":"2024-10-31T18:48:56.997+0900", "level":"INFO", "service":"admin-service", "trace": "", "span": "", "thread":"SpringApplicationShutdownHook", "logger":"com.netflix.discovery.shared.transport.decorator.RedirectingEurekaHttpClient", "message":"Request execution error. endpoint=DefaultEndpoint{ serviceUrl='http://discovery-service:8761/eureka/}, exception=I/O error on DELETE request for "http://discovery-service:8761/eureka/apps/ADMIN-SERVICE/admin-service:8083": discovery-service stacktrace=org.springframework.web.client.ResourceAccessException: I/O error on DELETE request for "http://discovery-service:8761/eureka/apps/ADMIN-SERVICE/admin-service:8083": discovery-service
	at org.springframework.web.client.RestTemplate.createResourceAccessException(RestTemplate.java:915)
	at org.springframework.web.client.RestTemplate.doExecute(RestTemplate.java:895)
	at org.springframework.web.client.RestTemplate.execute(RestTemplate.java:790)
	at org.springframework.web.client.RestTemplate.exchange(RestTemplate.java:672)
	at org.springframework.cloud.netflix.eureka.http.RestTemplateEurekaHttpClient.cancel(RestTemplateEurekaHttpClient.java:87)
	at com.netflix.discovery.shared.transport.decorator.EurekaHttpClientDecorator$2.execute(EurekaHttpClientDecorator.java:74)
	at com.netflix.discovery.shared.transport.decorator.RedirectingEurekaHttpClient.executeOnNewServer(RedirectingEurekaHttpClient.java:121)
	at com.netflix.discovery.shared.transport.decorator.RedirectingEurekaHttpClient.execute(RedirectingEurekaHttpClient.java:80)
	at com.netflix.discovery.shared.transport.decorator.EurekaHttpClientDecorator.cancel(EurekaHttpClientDecorator.java:71)
	at com.netflix.discovery.shared.transport.decorator.EurekaHttpClientDecorator$2.execute(EurekaHttpClientDecorator.java:74)
	at com.netflix.discovery.shared.transport.decorator.RetryableEurekaHttpClient.execute(RetryableEurekaHttpClient.java:120)
	at com.netflix.discovery.shared.transport.decorator.EurekaHttpClientDecorator.cancel(EurekaHttpClientDecorator.java:71)
	at com.netflix.discovery.shared.transport.decorator.EurekaHttpClientDecorator$2.execute(EurekaHttpClientDecorator.java:74)
	at com.netflix.discovery.shared.transport.decorator.SessionedEurekaHttpClient.execute(SessionedEurekaHttpClient.java:76)
	at com.netflix.discovery.shared.transport.decorator.EurekaHttpClientDecorator.cancel(EurekaHttpClientDecorator.java:71)
	at com.netflix.discovery.DiscoveryClient.unregister(DiscoveryClient.java:919)
	at com.netflix.discovery.DiscoveryClient.shutdown(DiscoveryClient.java:900)
	at java.base/jdk.internal.reflect.NativeMethodAccessorImpl.invoke0(Native Method)
	at java.base/jdk.internal.reflect.NativeMethodAccessorImpl.invoke(NativeMethodAccessorImpl.java:77)
	at java.base/jdk.internal.reflect.DelegatingMethodAccessorImpl.invoke(DelegatingMethodAccessorImpl.java:43)
	at java.base/java.lang.reflect.Method.invoke(Method.java:568)
	at org.springframework.beans.factory.annotation.InitDestroyAnnotationBeanPostProcessor$LifecycleMethod.invoke(InitDestroyAnnotationBeanPostProcessor.java:457)
	at org.springframework.beans.factory.annotation.InitDestroyAnnotationBeanPostProcessor$LifecycleMetadata.invokeDestroyMethods(InitDestroyAnnotationBeanPostProcessor.java:415)
	at org.springframework.beans.factory.annotation.InitDestroyAnnotationBeanPostProcessor.postProcessBeforeDestruction(InitDestroyAnnotationBeanPostProcessor.java:239)
	at org.springframework.beans.factory.support.DisposableBeanAdapter.destroy(DisposableBeanAdapter.java:202)
	at org.springframework.beans.factory.support.DisposableBeanAdapter.run(DisposableBeanAdapter.java:195)
	at org.springframework.cloud.context.scope.GenericScope$BeanLifecycleWrapper.destroy(GenericScope.java:389)
	at org.springframework.cloud.context.scope.GenericScope.destroy(GenericScope.java:136)
	at org.springframework.beans.factory.support.DisposableBeanAdapter.destroy(DisposableBeanAdapter.java:211)
	at org.springframework.beans.factory.support.DefaultSingletonBeanRegistry.destroyBean(DefaultSingletonBeanRegistry.java:587)
	at org.springframework.beans.factory.support.DefaultSingletonBeanRegistry.destroySingleton(DefaultSingletonBeanRegistry.java:559)
	at org.springframework.beans.factory.support.DefaultListableBeanFactory.destroySingleton(DefaultListableBeanFactory.java:1202)
	at org.springframework.beans.factory.support.DefaultSingletonBeanRegistry.destroySingletons(DefaultSingletonBeanRegistry.java:520)
	at org.springframework.beans.factory.support.DefaultListableBeanFactory.destroySingletons(DefaultListableBeanFactory.java:1195)
	at org.springframework.context.support.AbstractApplicationContext.destroyBeans(AbstractApplicationContext.java:1195)
	at org.springframework.context.support.AbstractApplicationContext.doClose(AbstractApplicationContext.java:1156)
	at org.springframework.boot.web.servlet.context.ServletWebServerApplicationContext.doClose(ServletWebServerApplicationContext.java:174)
	at org.springframework.context.support.AbstractApplicationContext.close(AbstractApplicationContext.java:1102)
	at org.springframework.boot.SpringApplicationShutdownHook.closeAndWait(SpringApplicationShutdownHook.java:145)
	at java.base/java.lang.Iterable.forEach(Iterable.java:75)
	at org.springframework.boot.SpringApplicationShutdownHook.run(SpringApplicationShutdownHook.java:114)
	at java.base/java.lang.Thread.run(Thread.java:833)
Caused by: java.net.UnknownHostException: discovery-service
	at java.base/java.net.InetAddress$CachedAddresses.get(InetAddress.java:801)
	at java.base/java.net.InetAddress.getAllByName0(InetAddress.java:1509)
	at java.base/java.net.InetAddress.getAllByName(InetAddress.java:1367)
	at java.base/java.net.InetAddress.getAllByName(InetAddress.java:1301)
	at org.apache.hc.client5.http.SystemDefaultDnsResolver.resolve(SystemDefaultDnsResolver.java:45)
	at org.apache.hc.client5.http.impl.io.DefaultHttpClientConnectionOperator.connect(DefaultHttpClientConnectionOperator.java:144)
	at org.apache.hc.client5.http.impl.io.PoolingHttpClientConnectionManager.connect(PoolingHttpClientConnectionManager.java:450)
	at org.apache.hc.client5.http.impl.classic.InternalExecRuntime.connectEndpoint(InternalExecRuntime.java:162)
	at org.apache.hc.client5.http.impl.classic.InternalExecRuntime.connectEndpoint(InternalExecRuntime.java:172)
	at org.apache.hc.client5.http.impl.classic.ConnectExec.execute(ConnectExec.java:142)
	at org.apache.hc.client5.http.impl.classic.ExecChainElement.execute(ExecChainElement.java:51)
	at org.apache.hc.client5.http.impl.classic.ProtocolExec.execute(ProtocolExec.java:192)
	at org.apache.hc.client5.http.impl.classic.ExecChainElement.execute(ExecChainElement.java:51)
	at org.apache.hc.client5.http.impl.classic.HttpRequestRetryExec.execute(HttpRequestRetryExec.java:113)
	at org.apache.hc.client5.http.impl.classic.ExecChainElement.execute(ExecChainElement.java:51)
	at org.apache.hc.client5.http.impl.classic.ContentCompressionExec.execute(ContentCompressionExec.java:152)
	at org.apache.hc.client5.http.impl.classic.ExecChainElement.execute(ExecChainElement.java:51)
	at org.apache.hc.client5.http.impl.classic.RedirectExec.execute(RedirectExec.java:116)
	at org.apache.hc.client5.http.impl.classic.ExecChainElement.execute(ExecChainElement.java:51)
	at org.apache.hc.client5.http.impl.classic.InternalHttpClient.doExecute(InternalHttpClient.java:170)
	at org.apache.hc.client5.http.impl.classic.CloseableHttpClient.execute(CloseableHttpClient.java:87)
	at org.apache.hc.client5.http.impl.classic.CloseableHttpClient.execute(CloseableHttpClient.java:55)
	at org.apache.hc.client5.http.classic.HttpClient.executeOpen(HttpClient.java:183)
	at org.springframework.http.client.HttpComponentsClientHttpRequest.executeInternal(HttpComponentsClientHttpRequest.java:99)
	at org.springframework.http.client.AbstractStreamingClientHttpRequest.executeInternal(AbstractStreamingClientHttpRequest.java:70)
	at org.springframework.http.client.AbstractClientHttpRequest.execute(AbstractClientHttpRequest.java:66)
	at org.springframework.http.client.InterceptingClientHttpRequest$InterceptingRequestExecution.execute(InterceptingClientHttpRequest.java:112)
	at org.springframework.cloud.netflix.eureka.http.RestTemplateTransportClientFactory.lambda$restTemplate$3(RestTemplateTransportClientFactory.java:170)
	at org.springframework.http.client.InterceptingClientHttpRequest$InterceptingRequestExecution.execute(InterceptingClientHttpRequest.java:88)
	at org.springframework.http.client.InterceptingClientHttpRequest.executeInternal(InterceptingClientHttpRequest.java:72)
	at org.springframework.http.client.AbstractBufferingClientHttpRequest.executeInternal(AbstractBufferingClientHttpRequest.java:48)
	at org.springframework.http.client.AbstractClientHttpRequest.execute(AbstractClientHttpRequest.java:66)
	at org.springframework.web.client.RestTemplate.doExecute(RestTemplate.java:889)
	... 40 more
"}
{"@timestamp":"2024-10-31T18:48:56.997+0900", "level":"WARN", "service":"admin-service", "trace": "", "span": "", "thread":"SpringApplicationShutdownHook", "logger":"com.netflix.discovery.shared.transport.decorator.RetryableEurekaHttpClient", "message":"Request execution failed with message: I/O error on DELETE request for "http://discovery-service:8761/eureka/apps/ADMIN-SERVICE/admin-service:8083": discovery-service"}
{"@timestamp":"2024-10-31T18:48:56.997+0900", "level":"ERROR", "service":"admin-service", "trace": "", "span": "", "thread":"SpringApplicationShutdownHook", "logger":"com.netflix.discovery.DiscoveryClient", "message":"DiscoveryClient_ADMIN-SERVICE/admin-service:8083 - de-registration failedCannot execute request on any known server"}
com.netflix.discovery.shared.transport.TransportException: Cannot execute request on any known server
	at com.netflix.discovery.shared.transport.decorator.RetryableEurekaHttpClient.execute(RetryableEurekaHttpClient.java:112)
	at com.netflix.discovery.shared.transport.decorator.EurekaHttpClientDecorator.cancel(EurekaHttpClientDecorator.java:71)
	at com.netflix.discovery.shared.transport.decorator.EurekaHttpClientDecorator$2.execute(EurekaHttpClientDecorator.java:74)
	at com.netflix.discovery.shared.transport.decorator.SessionedEurekaHttpClient.execute(SessionedEurekaHttpClient.java:76)
	at com.netflix.discovery.shared.transport.decorator.EurekaHttpClientDecorator.cancel(EurekaHttpClientDecorator.java:71)
	at com.netflix.discovery.DiscoveryClient.unregister(DiscoveryClient.java:919)
	at com.netflix.discovery.DiscoveryClient.shutdown(DiscoveryClient.java:900)
	at java.base/jdk.internal.reflect.NativeMethodAccessorImpl.invoke0(Native Method)
	at java.base/jdk.internal.reflect.NativeMethodAccessorImpl.invoke(NativeMethodAccessorImpl.java:77)
	at java.base/jdk.internal.reflect.DelegatingMethodAccessorImpl.invoke(DelegatingMethodAccessorImpl.java:43)
	at java.base/java.lang.reflect.Method.invoke(Method.java:568)
	at org.springframework.beans.factory.annotation.InitDestroyAnnotationBeanPostProcessor$LifecycleMethod.invoke(InitDestroyAnnotationBeanPostProcessor.java:457)
	at org.springframework.beans.factory.annotation.InitDestroyAnnotationBeanPostProcessor$LifecycleMetadata.invokeDestroyMethods(InitDestroyAnnotationBeanPostProcessor.java:415)
	at org.springframework.beans.factory.annotation.InitDestroyAnnotationBeanPostProcessor.postProcessBeforeDestruction(InitDestroyAnnotationBeanPostProcessor.java:239)
	at org.springframework.beans.factory.support.DisposableBeanAdapter.destroy(DisposableBeanAdapter.java:202)
	at org.springframework.beans.factory.support.DisposableBeanAdapter.run(DisposableBeanAdapter.java:195)
	at org.springframework.cloud.context.scope.GenericScope$BeanLifecycleWrapper.destroy(GenericScope.java:389)
	at org.springframework.cloud.context.scope.GenericScope.destroy(GenericScope.java:136)
	at org.springframework.beans.factory.support.DisposableBeanAdapter.destroy(DisposableBeanAdapter.java:211)
	at org.springframework.beans.factory.support.DefaultSingletonBeanRegistry.destroyBean(DefaultSingletonBeanRegistry.java:587)
	at org.springframework.beans.factory.support.DefaultSingletonBeanRegistry.destroySingleton(DefaultSingletonBeanRegistry.java:559)
	at org.springframework.beans.factory.support.DefaultListableBeanFactory.destroySingleton(DefaultListableBeanFactory.java:1202)
	at org.springframework.beans.factory.support.DefaultSingletonBeanRegistry.destroySingletons(DefaultSingletonBeanRegistry.java:520)
	at org.springframework.beans.factory.support.DefaultListableBeanFactory.destroySingletons(DefaultListableBeanFactory.java:1195)
	at org.springframework.context.support.AbstractApplicationContext.destroyBeans(AbstractApplicationContext.java:1195)
	at org.springframework.context.support.AbstractApplicationContext.doClose(AbstractApplicationContext.java:1156)
	at org.springframework.boot.web.servlet.context.ServletWebServerApplicationContext.doClose(ServletWebServerApplicationContext.java:174)
	at org.springframework.context.support.AbstractApplicationContext.close(AbstractApplicationContext.java:1102)
	at org.springframework.boot.SpringApplicationShutdownHook.closeAndWait(SpringApplicationShutdownHook.java:145)
	at java.base/java.lang.Iterable.forEach(Iterable.java:75)
	at org.springframework.boot.SpringApplicationShutdownHook.run(SpringApplicationShutdownHook.java:114)
	at java.base/java.lang.Thread.run(Thread.java:833)
{"@timestamp":"2024-10-31T18:48:56.997+0900", "level":"INFO", "service":"admin-service", "trace": "", "span": "", "thread":"SpringApplicationShutdownHook", "logger":"com.netflix.discovery.DiscoveryClient", "message":"Completed shut down of DiscoveryClient"}
